Archive member included to satisfy reference by file (symbol)

C:/ProgramData/MATLAB/SupportPackages/R2024b/3P.instrset/gnuarm-armcortex.instrset/win/bin/../lib/gcc/arm-none-eabi/13.2.1/thumb/v7e-m+fp/hard\libm.a(libm_a-w_fmod.o)
                              xcp_ext_common.o (fmod)
C:/ProgramData/MATLAB/SupportPackages/R2024b/3P.instrset/gnuarm-armcortex.instrset/win/bin/../lib/gcc/arm-none-eabi/13.2.1/thumb/v7e-m+fp/hard\libm.a(libm_a-e_fmod.o)
                              C:/ProgramData/MATLAB/SupportPackages/R2024b/3P.instrset/gnuarm-armcortex.instrset/win/bin/../lib/gcc/arm-none-eabi/13.2.1/thumb/v7e-m+fp/hard\libm.a(libm_a-w_fmod.o) (__ieee754_fmod)
C:/ProgramData/MATLAB/SupportPackages/R2024b/3P.instrset/gnuarm-armcortex.instrset/win/bin/../lib/gcc/arm-none-eabi/13.2.1/thumb/v7e-m+fp/hard\libgcc.a(_arm_muldf3.o)
                              potenlab.o (__aeabi_dmul)
C:/ProgramData/MATLAB/SupportPackages/R2024b/3P.instrset/gnuarm-armcortex.instrset/win/bin/../lib/gcc/arm-none-eabi/13.2.1/thumb/v7e-m+fp/hard\libgcc.a(_arm_addsubdf3.o)
                              xcp_ext_common.o (__aeabi_dsub)
C:/ProgramData/MATLAB/SupportPackages/R2024b/3P.instrset/gnuarm-armcortex.instrset/win/bin/../lib/gcc/arm-none-eabi/13.2.1/thumb/v7e-m+fp/hard\libgcc.a(_arm_muldivdf3.o)
                              xcp_ext_common.o (__aeabi_ddiv)
C:/ProgramData/MATLAB/SupportPackages/R2024b/3P.instrset/gnuarm-armcortex.instrset/win/bin/../lib/gcc/arm-none-eabi/13.2.1/thumb/v7e-m+fp/hard\libgcc.a(_arm_cmpdf2.o)
                              xcp_ext_mode.o (__aeabi_dcmpeq)
C:/ProgramData/MATLAB/SupportPackages/R2024b/3P.instrset/gnuarm-armcortex.instrset/win/bin/../lib/gcc/arm-none-eabi/13.2.1/thumb/v7e-m+fp/hard\libgcc.a(_arm_unorddf2.o)
                              C:/ProgramData/MATLAB/SupportPackages/R2024b/3P.instrset/gnuarm-armcortex.instrset/win/bin/../lib/gcc/arm-none-eabi/13.2.1/thumb/v7e-m+fp/hard\libm.a(libm_a-w_fmod.o) (__aeabi_dcmpun)
C:/ProgramData/MATLAB/SupportPackages/R2024b/3P.instrset/gnuarm-armcortex.instrset/win/bin/../lib/gcc/arm-none-eabi/13.2.1/thumb/v7e-m+fp/hard\libgcc.a(_arm_fixunsdfsi.o)
                              xcp_ext_common.o (__aeabi_d2uiz)
C:/ProgramData/MATLAB/SupportPackages/R2024b/3P.instrset/gnuarm-armcortex.instrset/win/bin/../lib/gcc/arm-none-eabi/13.2.1/thumb/v7e-m+fp/hard\libgcc.a(_aeabi_uldivmod.o)
                              stm32g4xx_ll_lpuart.o (__aeabi_uldivmod)
C:/ProgramData/MATLAB/SupportPackages/R2024b/3P.instrset/gnuarm-armcortex.instrset/win/bin/../lib/gcc/arm-none-eabi/13.2.1/thumb/v7e-m+fp/hard\libgcc.a(_udivmoddi4.o)
                              C:/ProgramData/MATLAB/SupportPackages/R2024b/3P.instrset/gnuarm-armcortex.instrset/win/bin/../lib/gcc/arm-none-eabi/13.2.1/thumb/v7e-m+fp/hard\libgcc.a(_aeabi_uldivmod.o) (__udivmoddi4)
C:/ProgramData/MATLAB/SupportPackages/R2024b/3P.instrset/gnuarm-armcortex.instrset/win/bin/../lib/gcc/arm-none-eabi/13.2.1/thumb/v7e-m+fp/hard\libgcc.a(_dvmd_tls.o)
                              C:/ProgramData/MATLAB/SupportPackages/R2024b/3P.instrset/gnuarm-armcortex.instrset/win/bin/../lib/gcc/arm-none-eabi/13.2.1/thumb/v7e-m+fp/hard\libgcc.a(_aeabi_uldivmod.o) (__aeabi_ldiv0)
C:/ProgramData/MATLAB/SupportPackages/R2024b/3P.instrset/gnuarm-armcortex.instrset/win/bin/../lib/gcc/arm-none-eabi/13.2.1/thumb/v7e-m+fp/hard\libg_nano.a(libc_a-exit.o)
                              C:/ProgramData/MATLAB/SupportPackages/R2024b/3P.instrset/gnuarm-armcortex.instrset/win/bin/../lib/gcc/arm-none-eabi/13.2.1/thumb/v7e-m+fp/hard/crt0.o (exit)
C:/ProgramData/MATLAB/SupportPackages/R2024b/3P.instrset/gnuarm-armcortex.instrset/win/bin/../lib/gcc/arm-none-eabi/13.2.1/thumb/v7e-m+fp/hard\libg_nano.a(libc_a-findfp.o)
                              C:/ProgramData/MATLAB/SupportPackages/R2024b/3P.instrset/gnuarm-armcortex.instrset/win/bin/../lib/gcc/arm-none-eabi/13.2.1/thumb/v7e-m+fp/hard\libg_nano.a(libc_a-exit.o) (__stdio_exit_handler)
C:/ProgramData/MATLAB/SupportPackages/R2024b/3P.instrset/gnuarm-armcortex.instrset/win/bin/../lib/gcc/arm-none-eabi/13.2.1/thumb/v7e-m+fp/hard\libg_nano.a(libc_a-fwalk.o)
                              C:/ProgramData/MATLAB/SupportPackages/R2024b/3P.instrset/gnuarm-armcortex.instrset/win/bin/../lib/gcc/arm-none-eabi/13.2.1/thumb/v7e-m+fp/hard\libg_nano.a(libc_a-findfp.o) (_fwalk_sglue)
C:/ProgramData/MATLAB/SupportPackages/R2024b/3P.instrset/gnuarm-armcortex.instrset/win/bin/../lib/gcc/arm-none-eabi/13.2.1/thumb/v7e-m+fp/hard\libg_nano.a(libc_a-stdio.o)
                              C:/ProgramData/MATLAB/SupportPackages/R2024b/3P.instrset/gnuarm-armcortex.instrset/win/bin/../lib/gcc/arm-none-eabi/13.2.1/thumb/v7e-m+fp/hard\libg_nano.a(libc_a-findfp.o) (__sread)
C:/ProgramData/MATLAB/SupportPackages/R2024b/3P.instrset/gnuarm-armcortex.instrset/win/bin/../lib/gcc/arm-none-eabi/13.2.1/thumb/v7e-m+fp/hard\libg_nano.a(libc_a-memset.o)
[...]
Memory Configuration

Name             Origin             Length             Attributes
RAM              0x20000000         0x00020000         xrw
FLASH            0x08000000         0x00080000         xr
*default*        0x00000000         0xffffffff

Linker script and memory map

LOAD C:/ProgramData/MATLAB/SupportPackages/R2024b/3P.instrset/gnuarm-armcortex.instrset/win/bin/../lib/gcc/arm-none-eabi/13.2.1/thumb/v7e-m+fp/hard/crti.o
LOAD C:/ProgramData/MATLAB/SupportPackages/R2024b/3P.instrset/gnuarm-armcortex.instrset/win/bin/../lib/gcc/arm-none-eabi/13.2.1/thumb/v7e-m+fp/hard/crtbegin.o
LOAD C:/ProgramData/MATLAB/SupportPackages/R2024b/3P.instrset/gnuarm-armcortex.instrset/win/bin/../lib/gcc/arm-none-eabi/13.2.1/thumb/v7e-m+fp/hard/crt0.o
LOAD stm_adc_ll.o
LOAD xcp_ext_mode.o
LOAD ert_main.o
LOAD potenlab.o
LOAD xcp_ext_common.o
LOAD xcp_ext_classic_trigger.o
LOAD xcp.o
LOAD xcp_standard.o
LOAD xcp_daq.o
LOAD xcp_calibration.o
LOAD xcp_fifo.o
LOAD xcp_transport.o
LOAD xcp_mem_default.o
LOAD xcp_drv_rtiostream.o
LOAD xcp_utils.o
LOAD xcp_frame_serial.o
LOAD xcp_ext_param_default_serial.o
LOAD overrideHALDelay.o
LOAD platform_timer.o
LOAD SysTickScheduler.o
LOAD m3m4m4f_multitasking.o
LOAD rtiostream_serial.o
LOAD stm_usart.o
LOAD stm_lpuart.o
LOAD sys_arch.o
LOAD main.o
LOAD stm32g4xx_it.o
LOAD stm32g4xx_hal_msp.o
LOAD stm32g4xx_hal_timebase_tim.o
LOAD stm32g4xx_ll_utils.o
LOAD stm32g4xx_ll_exti.o
LOAD stm32g4xx_ll_gpio.o
LOAD stm32g4xx_ll_adc.o
LOAD stm32g4xx_ll_dma.o
LOAD stm32g4xx_ll_pwr.o
LOAD stm32g4xx_hal.o
LOAD stm32g4xx_hal_rcc.o
LOAD stm32g4xx_hal_rcc_ex.o
LOAD stm32g4xx_hal_flash.o
LOAD stm32g4xx_hal_flash_ex.o
LOAD stm32g4xx_hal_flash_ramfunc.o
LOAD stm32g4xx_hal_gpio.o
LOAD stm32g4xx_hal_exti.o
LOAD stm32g4xx_hal_dma.o
LOAD stm32g4xx_hal_dma_ex.o
LOAD stm32g4xx_hal_pwr.o
LOAD stm32g4xx_hal_pwr_ex.o
LOAD stm32g4xx_hal_cortex.o
LOAD stm32g4xx_ll_lpuart.o
LOAD stm32g4xx_ll_rcc.o
LOAD stm32g4xx_hal_tim.o
LOAD stm32g4xx_hal_tim_ex.o
LOAD system_stm32g4xx.o
LOAD syscalls.o
LOAD sysmem.o
LOAD startup_stm32g474retx.o
LOAD C:/ProgramData/MATLAB/SupportPackages/R2024b/3P.instrset/cmsis_dsp.instrset/Lib/GCC/arm_cortexm4ldfsp_math/libCMSISDSP.a
LOAD C:/ProgramData/MATLAB/SupportPackages/R2024b/toolbox/shared/supportpackages/stm32/lib/GCC/libmw_pdmfilter_m4_spfp.lib
LOAD C:/ProgramData/MATLAB/SupportPackages/R2024b/3P.instrset/gnuarm-armcortex.instrset/win/bin/../lib/gcc/arm-none-eabi/13.2.1/thumb/v7e-m+fp/hard\libstdc++_nano.a
LOAD C:/ProgramData/MATLAB/SupportPackages/R2024b/3P.instrset/gnuarm-armcortex.instrset/win/bin/../lib/gcc/arm-none-eabi/13.2.1/thumb/v7e-m+fp/hard\libm.a
START GROUP
LOAD C:/ProgramData/MATLAB/SupportPackages/R2024b/3P.instrset/gnuarm-armcortex.instrset/win/bin/../lib/gcc/arm-none-eabi/13.2.1/thumb/v7e-m+fp/hard\libgcc.a
LOAD C:/ProgramData/MATLAB/SupportPackages/R2024b/3P.instrset/gnuarm-armcortex.instrset/win/bin/../lib/gcc/arm-none-eabi/13.2.1/thumb/v7e-m+fp/hard\libg_nano.a
LOAD C:/ProgramData/MATLAB/SupportPackages/R2024b/3P.instrset/gnuarm-armcortex.instrset/win/bin/../lib/gcc/arm-none-eabi/13.2.1/thumb/v7e-m+fp/hard\libc_nano.a
END GROUP
START GROUP
LOAD C:/ProgramData/MATLAB/SupportPackages/R2024b/3P.instrset/gnuarm-armcortex.instrset/win/bin/../lib/gcc/arm-none-eabi/13.2.1/thumb/v7e-m+fp/hard\libgcc.a
LOAD C:/ProgramData/MATLAB/SupportPackages/R2024b/3P.instrset/gnuarm-armcortex.instrset/win/bin/../lib/gcc/arm-none-eabi/13.2.1/thumb/v7e-m+fp/hard\libc_nano.a
LOAD C:/ProgramData/MATLAB/SupportPackages/R2024b/3P.instrset/gnuarm-armcortex.instrset/win/bin/../lib/gcc/arm-none-eabi/13.2.1/thumb/v7e-m+fp/hard\libnosys.a
END GROUP
START GROUP
LOAD C:/ProgramData/MATLAB/SupportPackages/R2024b/3P.instrset/gnuarm-armcortex.instrset/win/bin/../lib/gcc/arm-none-eabi/13.2.1/thumb/v7e-m+fp/hard\libgcc.a
LOAD C:/ProgramData/MATLAB/SupportPackages/R2024b/3P.instrset/gnuarm-armcortex.instrset/win/bin/../lib/gcc/arm-none-eabi/13.2.1/thumb/v7e-m+fp/hard\libc_nano.a
LOAD C:/ProgramData/MATLAB/SupportPackages/R2024b/3P.instrset/gnuarm-armcortex.instrset/win/bin/../lib/gcc/arm-none-eabi/13.2.1/thumb/v7e-m+fp/hard\libnosys.a
END GROUP
LOAD C:/ProgramData/MATLAB/SupportPackages/R2024b/3P.instrset/gnuarm-armcortex.instrset/win/bin/../lib/gcc/arm-none-eabi/13.2.1/thumb/v7e-m+fp/hard/crtend.o
LOAD C:/ProgramData/MATLAB/SupportPackages/R2024b/3P.instrset/gnuarm-armcortex.instrset/win/bin/../lib/gcc/arm-none-eabi/13.2.1/thumb/v7e-m+fp/hard/crtn.o
                0x20020000                        _estack = (ORIGIN (RAM) + LENGTH (RAM))
                0x00000200                        _Min_Heap_Size = 0x200
                0x00000400                        _Min_Stack_Size = 0x400

.isr_vector     0x08000000      0x1d8
                0x08000000                        . = ALIGN (0x4)
 *(.isr_vector)
 .isr_vector    0x08000000      0x1d8 startup_stm32g474retx.o
                0x08000000                g_pfnVectors
                0x080001d8                        . = ALIGN (0x4)

.text           0x080001d8     0xc424
                0x080001d8                        . = ALIGN (0x4)
 *(.text)
 .text          0x080001d8      0x378 C:/ProgramData/MATLAB/SupportPackages/R2024b/3P.instrset/gnuarm-armcortex.instrset/win/bin/../lib/gcc/arm-none-eabi/13.2.1/thumb/v7e-m+fp/hard\libgcc.a(_arm_addsubdf3.o)
                0x080001d8                __aeabi_drsub
                0x080001e0                __aeabi_dsub
                0x080001e0                __subdf3
                0x080001e4                __aeabi_dadd
                0x080001e4                __adddf3
                0x0800045c                __floatunsidf
                0x0800045c                __aeabi_ui2d
                0x0800047c                __floatsidf
                0x0800047c                __aeabi_i2d
                0x080004a0                __aeabi_f2d
                0x080004a0                __extendsfdf2
                0x080004e4                __floatundidf
                0x080004e4                __aeabi_ul2d
                0x080004f4                __floatdidf
                0x080004f4                __aeabi_l2d
 .text          0x08000550      0x424 C:/ProgramData/MATLAB/SupportPackages/R2024b/3P.instrset/gnuarm-armcortex.instrset/win/bin/../lib/gcc/arm-none-eabi/13.2.1/thumb/v7e-m+fp/hard\libgcc.a(_arm_muldivdf3.o)
                0x08000550                __aeabi_dmul
                0x08000550                __muldf3
                0x080007a4                __divdf3
                0x080007a4                __aeabi_ddiv
 .text          0x08000974      0x110 C:/ProgramData/MATLAB/SupportPackages/R2024b/3P.instrset/gnuarm-armcortex.instrset/win/bin/../lib/gcc/arm-none-eabi/13.2.1/thumb/v7e-m+fp/hard\libgcc.a(_arm_cmpdf2.o)
                0x08000974                __gtdf2
                0x08000974                __gedf2
                0x0800097c                __ltdf2
                0x0800097c                __ledf2
                0x08000984                __nedf2
                0x08000984                __eqdf2
                0x08000984                __cmpdf2
                0x08000a00                __aeabi_cdrcmple
                0x08000a10                __aeabi_cdcmpeq
                0x08000a10                __aeabi_cdcmple
                0x08000a20                __aeabi_dcmpeq
                0x08000a34                __aeabi_dcmplt
                0x08000a48                __aeabi_dcmple
                0x08000a5c                __aeabi_dcmpge
                0x08000a70                __aeabi_dcmpgt
 .text          0x08000a84       0x2c C:/ProgramData/MATLAB/SupportPackages/R2024b/3P.instrset/gnuarm-armcortex.instrset/win/bin/../lib/gcc/arm-none-eabi/13.2.1/thumb/v7e-m+fp/hard\libgcc.a(_arm_unorddf2.o)
                0x08000a84                __unorddf2
                0x08000a84                __aeabi_dcmpun
 .text          0x08000ab0       0x40 C:/ProgramData/MATLAB/SupportPackages/R2024b/3P.instrset/gnuarm-armcortex.instrset/win/bin/../lib/gcc/arm-none-eabi/13.2.1/thumb/v7e-m+fp/hard\libgcc.a(_arm_fixunsdfsi.o)
                0x08000ab0                __aeabi_d2uiz
                0x08000ab0                __fixunsdfsi
 .text          0x08000af0       0x30 C:/ProgramData/MATLAB/SupportPackages/R2024b/3P.instrset/gnuarm-armcortex.instrset/win/bin/../lib/gcc/arm-none-eabi/13.2.1/thumb/v7e-m+fp/hard\libgcc.a(_aeabi_uldivmod.o)
                0x08000af0                __aeabi_uldivmod
 .text          0x08000b20        0x4 C:/ProgramData/MATLAB/SupportPackages/R2024b/3P.instrset/gnuarm-armcortex.instrset/win/bin/../lib/gcc/arm-none-eabi/13.2.1/thumb/v7e-m+fp/hard\libgcc.a(_dvmd_tls.o)
                0x08000b20                __aeabi_idiv0
                0x08000b20                __aeabi_ldiv0
 *(.text*)
 .text.deregister_tm_clones
                0x08000b24       0x1c C:/ProgramData/MATLAB/SupportPackages/R2024b/3P.instrset/gnuarm-armcortex.instrset/win/bin/../lib/gcc/arm-none-eabi/13.2.1/thumb/v7e-m+fp/hard/crtbegin.o
 .text.register_tm_clones
                0x08000b40       0x24 C:/ProgramData/MATLAB/SupportPackages/R2024b/3P.instrset/gnuarm-armcortex.instrset/win/bin/../lib/gcc/arm-none-eabi/13.2.1/thumb/v7e-m+fp/hard/crtbegin.o
 .text.__do_global_dtors_aux
                0x08000b64       0x28 C:/ProgramData/MATLAB/SupportPackages/R2024b/3P.instrset/gnuarm-armcortex.instrset/win/bin/../lib/gcc/arm-none-eabi/13.2.1/thumb/v7e-m+fp/hard/crtbegin.o
 .text.frame_dummy
                0x08000b8c       0x24 C:/ProgramData/MATLAB/SupportPackages/R2024b/3P.instrset/gnuarm-armcortex.instrset/win/bin/../lib/gcc/arm-none-eabi/13.2.1/thumb/v7e-m+fp/hard/crtbegin.o
 .text.LL_ADC_REG_IsTriggerSourceSWStart
                0x08000bb0       0x26 stm_adc_ll.o
 .text.LL_ADC_REG_SetSequencerLength
                0x08000bd6       0x26 stm_adc_ll.o
 .text.LL_ADC_REG_SetDMATransfer
                0x08000bfc       0x26 stm_adc_ll.o
 .text.LL_ADC_INJ_IsTriggerSourceSWStart
                0x08000c22       0x26 stm_adc_ll.o
 .text.LL_ADC_Enable
                0x08000c48       0x28 stm_adc_ll.o
 .text.LL_ADC_Disable
                0x08000c70       0x28 stm_adc_ll.o
 .text.LL_ADC_IsEnabled
                0x08000c98       0x26 stm_adc_ll.o
 .text.LL_ADC_StartCalibration
                0x08000cbe       0x32 stm_adc_ll.o
 .text.LL_ADC_IsCalibrationOnGoing
                0x08000cf0       0x28 stm_adc_ll.o
 .text.LL_ADC_REG_StartConversion
                0x08000d18       0x28 stm_adc_ll.o
 .text.LL_ADC_REG_ReadConversionData12
                0x08000d40       0x1a stm_adc_ll.o
 .text.LL_ADC_INJ_StartConversion
                0x08000d5a       0x28 stm_adc_ll.o
 .text.LL_ADC_IsActiveFlag_EOS
                0x08000d82       0x26 stm_adc_ll.o
 .text.LL_ADC_IsActiveFlag_OVR
                0x08000da8       0x26 stm_adc_ll.o
 .text.LL_ADC_ClearFlag_EOS
                0x08000dce       0x1a stm_adc_ll.o
 .text.LL_ADC_ClearFlag_OVR
                0x08000de8       0x1a stm_adc_ll.o
 .text.LL_ADC_EnableIT_EOS
                0x08000e02       0x20 stm_adc_ll.o
 .text.LL_ADC_EnableIT_JEOS
                0x08000e22       0x20 stm_adc_ll.o
 .text.LL_ADC_DisableIT_EOS
                0x08000e42       0x20 stm_adc_ll.o
 .text.LL_ADC_DisableIT_OVR
                0x08000e62       0x20 stm_adc_ll.o
 .text.LL_ADC_DisableIT_JEOS
                0x08000e82       0x20 stm_adc_ll.o
 .text.LL_ADC_DisableIT_AWD1
                0x08000ea2       0x20 stm_adc_ll.o
 .text.LL_ADC_IsEnabledIT_OVR
                0x08000ec2       0x26 stm_adc_ll.o
 .text.LL_ADC_IsEnabledIT_AWD1
                0x08000ee8       0x26 stm_adc_ll.o
 .text.regularADCTrigger
                0x08000f0e       0x86 stm_adc_ll.o
 .text.configure_ADCs_DMA
                0x08000f94       0x1a stm_adc_ll.o
 .text.deconfigure_ADCs_DMA
                0x08000fae       0x18 stm_adc_ll.o
 .text.ADC_IsActiveFlagOVR
                0x08000fc6       0x42 stm_adc_ll.o
                0x08000fc6                ADC_IsActiveFlagOVR
 .text.ADC1_2_IRQHandler
                0x08001008        0xe stm_adc_ll.o
                0x08001008                ADC1_2_IRQHandler
 .text.startADCConversionForExternalTrigger
                0x08001016       0x50 stm_adc_ll.o
                0x08001016                startADCConversionForExternalTrigger
 *fill*         0x08001066        0x2 
 .text.ADC_Handle_Init
                0x08001068      0x118 stm_adc_ll.o
                0x08001068                ADC_Handle_Init
 .text.enableADC
                0x08001180       0x2a stm_adc_ll.o
                0x08001180                enableADC
 .text.regularReadADCNormal
                0x080011aa      0x10a stm_adc_ll.o
                0x080011aa                regularReadADCNormal
 .text.ADC_Handle_Deinit
                0x080012b4       0xfa stm_adc_ll.o
                0x080012b4                ADC_Handle_Deinit
 *fill*         0x080013ae        0x2 
 .text.enableADCAutomaticCalibrationOffset
                0x080013b0      0x114 stm_adc_ll.o
                0x080013b0                enableADCAutomaticCalibrationOffset
 .text.extmodeParseArgs
                0x080014c4       0x1e xcp_ext_mode.o
                0x080014c4                extmodeParseArgs
 *fill*         0x080014e2        0x2 
 .text.extmodeInit
                0x080014e4      0x128 xcp_ext_mode.o
                0x080014e4                extmodeInit
 .text.extmodeWaitForHostRequest
                0x0800160c       0xcc xcp_ext_mode.o
                0x0800160c                extmodeWaitForHostRequest
 .text.extmodeEvent
                0x080016d8       0xfc xcp_ext_mode.o
                0x080016d8                extmodeEvent
 .text.extmodeBackgroundRun
                0x080017d4       0x20 xcp_ext_mode.o
                0x080017d4                extmodeBackgroundRun
 .text.extmodeReset
                0x080017f4       0x40 xcp_ext_mode.o
                0x080017f4                extmodeReset
 .text.extmodeStopRequested
                0x08001834       0x18 xcp_ext_mode.o
                0x08001834                extmodeStopRequested
 .text.extmodeSimulationComplete
                0x0800184c       0x18 xcp_ext_mode.o
                0x0800184c                extmodeSimulationComplete
 .text.rt_OneStep
                0x08001864       0x78 ert_main.o
                0x08001864                rt_OneStep
 .text.main     0x080018dc      0x184 ert_main.o
                0x080018dc                main
 .text.potenlab_SystemCore_setup
                0x08001a60       0x86 potenlab.o
 *fill*         0x08001ae6        0x2 
 .text.potenlab_step
                0x08001ae8       0x48 potenlab.o
                0x08001ae8                potenlab_step
 .text.potenlab_initialize
                0x08001b30       0xb0 potenlab.o
                0x08001b30                potenlab_initialize
 .text.potenlab_terminate
                0x08001be0       0x38 potenlab.o
                0x08001be0                potenlab_terminate
 .text.xcp_void_printf
                0x08001c18       0x12 xcp_ext_common.o
                0x08001c18                xcp_void_printf
 .text.xcpCopyTimeValue
                0x08001c2a       0x26 xcp_ext_common.o
 .text.xcpExtModeUpdateTime
                0x08001c50      0x13c xcp_ext_common.o
                0x08001c50                xcpExtModeUpdateTime
 .text.xcpExtModeInit
                0x08001d8c       0xb0 xcp_ext_common.o
                0x08001d8c                xcpExtModeInit
 .text.xcpExtModeRunBackground
                0x08001e3c      0x13c xcp_ext_common.o
                0x08001e3c                xcpExtModeRunBackground
 .text.xcpExtModeReset
                0x08001f78      0x128 xcp_ext_common.o
                0x08001f78                xcpExtModeReset
 .text.sampleSignalTrigger
                0x080020a0      0x1b4 xcp_ext_classic_trigger.o
 .text.updateTriggerStatus
                0x08002254      0x2b8 xcp_ext_classic_trigger.o
 .text.xcpExtModeClassicTriggerInit
                0x0800250c       0x68 xcp_ext_classic_trigger.o
                0x0800250c                xcpExtModeClassicTriggerInit
 .text.xcpExtModeClassicTriggerEnabled
                0x08002574      0x100 xcp_ext_classic_trigger.o
                0x08002574                xcpExtModeClassicTriggerEnabled
 .text.xcpExtModeClassicTriggerReset
                0x08002674       0xf4 xcp_ext_classic_trigger.o
                0x08002674                xcpExtModeClassicTriggerReset
 .text.xcpExtModeClassicTriggerForceEnableStatusUpdate
                0x08002768       0x78 xcp_ext_classic_trigger.o
                0x08002768                xcpExtModeClassicTriggerForceEnableStatusUpdate
 .text.msgBufferRealloc
                0x080027e0       0x72 xcp.o
 *fill*         0x08002852        0x2 
 .text.discardInputPacketHandler
                0x08002854       0x3c xcp.o
 .text.unknownInputPacketHandler
                0x08002890       0x34 xcp.o
 .text.xcpGetPacketGroupID
                0x080028c4       0x74 xcp.o
 .text.xcpGetPacketHandlers
                0x08002938      0x124 xcp.o
 .text.xcpStatusSet
                0x08002a5c       0x20 xcp.o
                0x08002a5c                xcpStatusSet
 .text.xcpSessionStatusGet
                0x08002a7c       0x18 xcp.o
                0x08002a7c                xcpSessionStatusGet
 .text.xcpSessionStatusSetMask
                0x08002a94       0x28 xcp.o
                0x08002a94                xcpSessionStatusSetMask
 .text.xcpSessionStatusClearMask
                0x08002abc       0x34 xcp.o
                0x08002abc                xcpSessionStatusClearMask
 .text.xcpResourceProtectionStatusGet
                0x08002af0       0x18 xcp.o
                0x08002af0                xcpResourceProtectionStatusGet
 .text.xcpSessionConfigurationIdGet
                0x08002b08       0x18 xcp.o
                0x08002b08                xcpSessionConfigurationIdGet
 .text.genericOutputPacketHandler
                0x08002b20      0x11c xcp.o
                0x08002b20                genericOutputPacketHandler
 .text.xcpFindPacket
                0x08002c3c       0x6e xcp.o
                0x08002c3c                xcpFindPacket
 *fill*         0x08002caa        0x2 
 .text.xcpInit  0x08002cac       0x64 xcp.o
                0x08002cac                xcpInit
 .text.xcpRun   0x08002d10      0x194 xcp.o
                0x08002d10                xcpRun
 .text.xcpEvent
                0x08002ea4       0x50 xcp.o
                0x08002ea4                xcpEvent
 .text.xcpGetStatus
                0x08002ef4       0x18 xcp.o
                0x08002ef4                xcpGetStatus
 .text.xcpReset
                0x08002f0c       0x40 xcp.o
                0x08002f0c                xcpReset
 .text.xcpPackedModeEventsFlush
                0x08002f4c       0x1e xcp.o
                0x08002f4c                xcpPackedModeEventsFlush
 .text.xcpPackedModeEventReset
                0x08002f6a       0x2a xcp.o
                0x08002f6a                xcpPackedModeEventReset
 .text.isValidUploadSize
                0x08002f94       0x30 xcp_standard.o
 .text.xcpMemcpyFromMTA
                0x08002fc4       0x38 xcp_standard.o
 .text.connectInputPacketHandler
                0x08002ffc       0xa4 xcp_standard.o
 .text.connectOutputPacketHandler
                0x080030a0       0xd4 xcp_standard.o
 .text.disconnectInputPacketHandler
                0x08003174       0x54 xcp_standard.o
 .text.getStatusInputPacketHandler
                0x080031c8       0x28 xcp_standard.o
 .text.getStatusOutputPacketHandler
                0x080031f0       0x80 xcp_standard.o
 .text.synchInputPacketHandler
                0x08003270       0x44 xcp_standard.o
 .text.setMTAInputPacketHandler
                0x080032b4       0x78 xcp_standard.o
 .text.uploadInputPacketHandler
                0x0800332c       0x98 xcp_standard.o
 .text.uploadOutputPacketHandler
                0x080033c4       0x9c xcp_standard.o
 .text.shortUploadInputPacketHandler
                0x08003460       0xa4 xcp_standard.o
 .text.shortUploadOutputPacketHandler
                0x08003504       0x9c xcp_standard.o
 .text.getPacket
                0x080035a0       0x24 xcp_standard.o
 .text.xcpStandardInit
                0x080035c4       0x18 xcp_standard.o
                0x080035c4                xcpStandardInit
 .text.xcpStandardGetPacketLookup
                0x080035dc       0x18 xcp_standard.o
                0x080035dc                xcpStandardGetPacketLookup
 .text.xcpStandardSetPacketLookup
                0x080035f4       0x20 xcp_standard.o
                0x080035f4                xcpStandardSetPacketLookup
 .text.xcpStandardReset
                0x08003614       0x12 xcp_standard.o
                0x08003614                xcpStandardReset
 *fill*         0x08003626        0x2 
 .text.xcpStandardGetAddressFromMta
                0x08003628       0x18 xcp_standard.o
                0x08003628                xcpStandardGetAddressFromMta
 .text.xcpStandardSetMta
                0x08003640       0x3c xcp_standard.o
                0x08003640                xcpStandardSetMta
 .text.xcpStandardIncrementMta
                0x0800367c       0x28 xcp_standard.o
                0x0800367c                xcpStandardIncrementMta
 .text.xcpStandardExtendedInit
                0x080036a4        0xe xcp_standard.o
                0x080036a4                xcpStandardExtendedInit
 .text.xcpStandardExtendedReset
                0x080036b2        0xe xcp_standard.o
                0x080036b2                xcpStandardExtendedReset
 .text.xcpDaqWriteLock
                0x080036c0       0x4c xcp_daq.o
 .text.xcpDaqWriteUnlock
                0x0800370c       0x20 xcp_daq.o
 .text.xcpDaqReadLock
                0x0800372c       0x38 xcp_daq.o
 .text.xcpDaqReadUnlock
                0x08003764       0x38 xcp_daq.o
 .text.isActiveDaqList
                0x0800379c       0x50 xcp_daq.o
 .text.noActiveDaqLists
                0x080037ec       0x50 xcp_daq.o
 .text.isValidDaqPtr
                0x0800383c       0xb8 xcp_daq.o
 .text.isValidDaqEntry
                0x080038f4       0x36 xcp_daq.o
 .text.isSupportedDaqListMode
                0x0800392a       0x26 xcp_daq.o
 .text.isValidStartStopMode
                0x08003950       0x32 xcp_daq.o
 .text.isValidStartStopSynchMode
                0x08003982       0x32 xcp_daq.o
 .text.absoluteOdtNumberIdentification
                0x080039b4       0x10 xcp_daq.o
 .text.isDaqPackedModeEnabled
                0x080039c4       0x6c xcp_daq.o
 .text.odtPacketSize
                0x08003a30       0x54 xcp_daq.o
 .text.createDaqReservedPool
                0x08003a84       0x88 xcp_daq.o
 .text.destroyDaqReservedPool
                0x08003b0c       0x2c xcp_daq.o
 .text.setDaqPtrInputPacketHandler
                0x08003b38       0xdc xcp_daq.o
 .text.writeDaqInputPacketHandler
                0x08003c14      0x198 xcp_daq.o
 .text.setDaqListModeInputPacketHandler
                0x08003dac      0x1c8 xcp_daq.o
 .text.startStopDaqListInputPacketHandler
                0x08003f74      0x3f4 xcp_daq.o
 .text.startStopDaqListOutputPacketHandler
                0x08004368       0x5c xcp_daq.o
 .text.startStopSynchInputPacketHandler
                0x080043c4      0x328 xcp_daq.o
 .text.getDaqProcessorInfoInputPacketHandler
                0x080046ec       0x28 xcp_daq.o
 .text.getDaqProcessorInfoOutputPacketHandler
                0x08004714       0xac xcp_daq.o
 .text.getDaqResolutionInfoInputPacketHandler
                0x080047c0       0x28 xcp_daq.o
 .text.getDaqResolutionInfoOutputPacketHandler
                0x080047e8       0xb8 xcp_daq.o
 .text.freeDaqInputPacketHandler
                0x080048a0       0x5c xcp_daq.o
 .text.allocDaqInputPacketHandler
                0x080048fc      0x18c xcp_daq.o
 .text.allocOdtInputPacketHandler
                0x08004a88      0x1c0 xcp_daq.o
 .text.allocOdtEntryInputPacketHandler
                0x08004c48      0x270 xcp_daq.o
 .text.getDaqClockInputPacketHandler
                0x08004eb8       0x22 xcp_daq.o
 *fill*         0x08004eda        0x2 
 .text.setDaqPackedModeInputPacketHandler
                0x08004edc      0x21c xcp_daq.o
 .text.level1CommandInputPacketHandler
                0x080050f8       0x64 xcp_daq.o
 .text.getPacket
                0x0800515c       0x24 xcp_daq.o
 .text.xcpDaqInit
                0x08005180       0x38 xcp_daq.o
                0x08005180                xcpDaqInit
 .text.xcpDaqGetPacketLookup
                0x080051b8       0x18 xcp_daq.o
                0x080051b8                xcpDaqGetPacketLookup
 .text.xcpDaqSetPacketLookup
                0x080051d0       0x20 xcp_daq.o
                0x080051d0                xcpDaqSetPacketLookup
 .text.xcpResetDaq
                0x080051f0       0xa4 xcp_daq.o
 .text.daqWriteXCPDataForOdt
                0x08005294       0x7c xcp_daq.o
 .text.odtWriteEntries
                0x08005310       0x9c xcp_daq.o
 .text.xcpProcessDaq
                0x080053ac      0x208 xcp_daq.o
 .text.xcpDaqEvent
                0x080055b4      0x108 xcp_daq.o
                0x080055b4                xcpDaqEvent
 .text.xcpDaqEventsFlush
                0x080056bc      0x284 xcp_daq.o
                0x080056bc                xcpDaqEventsFlush
 .text.xcpDaqLock
                0x08005940       0x1e xcp_daq.o
                0x08005940                xcpDaqLock
 .text.xcpDaqUnlock
                0x0800595e        0xe xcp_daq.o
                0x0800595e                xcpDaqUnlock
 .text.xcpResetDaqListStatus
                0x0800596c      0x19c xcp_daq.o
                0x0800596c                xcpResetDaqListStatus
 .text.xcpDaqReset
                0x08005b08       0x20 xcp_daq.o
                0x08005b08                xcpDaqReset
 .text.xcpDaqExtendedInit
                0x08005b28        0xe xcp_daq.o
                0x08005b28                xcpDaqExtendedInit
 .text.xcpDaqExtendedReset
                0x08005b36        0xe xcp_daq.o
                0x08005b36                xcpDaqExtendedReset
 .text.isValidShortDownloadSize
                0x08005b44       0x34 xcp_calibration.o
 .text.isValidDownloadSize
                0x08005b78       0x3a xcp_calibration.o
 *fill*         0x08005bb2        0x2 
 .text.xcpMemcpyToMTA
                0x08005bb4       0x34 xcp_calibration.o
 .text.downloadInputPacketHandler
                0x08005be8       0xb0 xcp_calibration.o
 .text.shortDownloadInputPacketHandler
                0x08005c98       0xb8 xcp_calibration.o
 .text.getPacket
                0x08005d50       0x24 xcp_calibration.o
 .text.xcpCalibrationInit
                0x08005d74       0x14 xcp_calibration.o
                0x08005d74                xcpCalibrationInit
 .text.xcpCalibrationGetPacketLookup
                0x08005d88       0x18 xcp_calibration.o
                0x08005d88                xcpCalibrationGetPacketLookup
 .text.xcpCalibrationSetPacketLookup
                0x08005da0       0x20 xcp_calibration.o
                0x08005da0                xcpCalibrationSetPacketLookup
 .text.xcpCalibrationReset
                0x08005dc0        0xe xcp_calibration.o
                0x08005dc0                xcpCalibrationReset
 .text.xcpFifoInit
                0x08005dce       0x20 xcp_fifo.o
                0x08005dce                xcpFifoInit
 .text.xcpFifoEnqueue
                0x08005dee       0x2a xcp_fifo.o
                0x08005dee                xcpFifoEnqueue
 .text.xcpFifoDequeue
                0x08005e18       0x3e xcp_fifo.o
                0x08005e18                xcpFifoDequeue
 .text.xcpFifoEnqueueHead
                0x08005e56       0x32 xcp_fifo.o
                0x08005e56                xcpFifoEnqueueHead
 .text.xcpFifoReset
                0x08005e88       0x16 xcp_fifo.o
                0x08005e88                xcpFifoReset
 *fill*         0x08005e9e        0x2 
 .text.xcpTransportEmptyTxFifo
                0x08005ea0       0x6c xcp_transport.o
 .text.xcpTransportEmptyRxFifo
                0x08005f0c       0x6c xcp_transport.o
 .text.xcpTransportInit
                0x08005f78      0x138 xcp_transport.o
                0x08005f78                xcpTransportInit
 .text.xcpTransportTxReady
                0x080060b0       0x1a xcp_transport.o
                0x080060b0                xcpTransportTxReady
 .text.xcpTransportTxTrigger
                0x080060ca       0x1a xcp_transport.o
                0x080060ca                xcpTransportTxTrigger
 .text.xcpTransportTxPacketSet
                0x080060e4      0x144 xcp_transport.o
                0x080060e4                xcpTransportTxPacketSet
 .text.xcpTransportTx
                0x08006228       0xec xcp_transport.o
                0x08006228                xcpTransportTx
 .text.xcpTransportRx
                0x08006314       0x80 xcp_transport.o
                0x08006314                xcpTransportRx
 .text.xcpTransportRxPacketGet
                0x08006394      0x12c xcp_transport.o
                0x08006394                xcpTransportRxPacketGet
 .text.xcpTransportPacketOffset
                0x080064c0       0x20 xcp_transport.o
                0x080064c0                xcpTransportPacketOffset
 .text.xcpTransportMsgBufferSize
                0x080064e0       0x70 xcp_transport.o
                0x080064e0                xcpTransportMsgBufferSize
 .text.xcpTransportMaxDtoSize
                0x08006550        0xe xcp_transport.o
                0x08006550                xcpTransportMaxDtoSize
 .text.xcpTransportMaxCtoSize
                0x0800655e        0xe xcp_transport.o
                0x0800655e                xcpTransportMaxCtoSize
 .text.xcpTransportRestart
                0x0800656c       0x44 xcp_transport.o
                0x0800656c                xcpTransportRestart
 .text.xcpTransportResynch
                0x080065b0       0x40 xcp_transport.o
                0x080065b0                xcpTransportResynch
 .text.xcpTransportCtoReservedMemPoolId
                0x080065f0       0x18 xcp_transport.o
                0x080065f0                xcpTransportCtoReservedMemPoolId
 .text.xcpTransportReset
                0x08006608       0xe4 xcp_transport.o
                0x08006608                xcpTransportReset
 .text.xcpInitializePoolMemoryArea
                0x080066ec       0x72 xcp_mem_default.o
 *fill*         0x0800675e        0x2 
 .text.xcpMemInit
                0x08006760      0x1d4 xcp_mem_default.o
                0x08006760                xcpMemInit
 .text.xcpMemAlloc
                0x08006934       0xe8 xcp_mem_default.o
                0x08006934                xcpMemAlloc
 .text.xcpMemFree
                0x08006a1c      0x170 xcp_mem_default.o
                0x08006a1c                xcpMemFree
 .text.xcpMemReservedPoolCreate
                0x08006b8c      0x224 xcp_mem_default.o
                0x08006b8c                xcpMemReservedPoolCreate
 .text.xcpMemReservedPoolDestroy
                0x08006db0      0x158 xcp_mem_default.o
                0x08006db0                xcpMemReservedPoolDestroy
 .text.xcpMemCustomPoolCreate
                0x08006f08       0xbc xcp_mem_default.o
                0x08006f08                xcpMemCustomPoolCreate
 .text.xcpMemCustomPoolDestroy
                0x08006fc4       0x64 xcp_mem_default.o
                0x08006fc4                xcpMemCustomPoolDestroy
 .text.xcpMemAllocFromPool
                0x08007028      0x170 xcp_mem_default.o
                0x08007028                xcpMemAllocFromPool
 .text.xcpMemReset
                0x08007198       0x50 xcp_mem_default.o
                0x08007198                xcpMemReset
 .text.xcpDrvOpen
                0x080071e8       0x64 xcp_drv_rtiostream.o
                0x080071e8                xcpDrvOpen
 .text.xcpDrvIoctl
                0x0800724c       0x4c xcp_drv_rtiostream.o
                0x0800724c                xcpDrvIoctl
 .text.xcpDrvSend
                0x08007298      0x14c xcp_drv_rtiostream.o
                0x08007298                xcpDrvSend
 .text.xcpDrvRecv
                0x080073e4      0x14c xcp_drv_rtiostream.o
                0x080073e4                xcpDrvRecv
 .text.xcpDrvClose
                0x08007530       0x5c xcp_drv_rtiostream.o
                0x08007530                xcpDrvClose
 .text.xcpSortArray
                0x0800758c       0xcc xcp_utils.o
                0x0800758c                xcpSortArray
 .text.xcpSxiHtons
                0x08007658       0x18 xcp_frame_serial.o
 .text.xcpSxiNtohs
                0x08007670       0x1c xcp_frame_serial.o
 .text.xcpSxiChecksum
                0x0800768c       0x3e xcp_frame_serial.o
                0x0800768c                xcpSxiChecksum
 *fill*         0x080076ca        0x2 
 .text.xcpFrameInit
                0x080076cc       0x70 xcp_frame_serial.o
                0x080076cc                xcpFrameInit
 .text.xcpFrameMsgSend
                0x0800773c      0x188 xcp_frame_serial.o
                0x0800773c                xcpFrameMsgSend
 .text.xcpFrameMsgRecv
                0x080078c4      0x180 xcp_frame_serial.o
                0x080078c4                xcpFrameMsgRecv
 .text.xcpFrameCreateMsg
                0x08007a44       0x94 xcp_frame_serial.o
                0x08007a44                xcpFrameCreateMsg
 .text.xcpFrameExtractPacket
                0x08007ad8      0x158 xcp_frame_serial.o
                0x08007ad8                xcpFrameExtractPacket
 .text.xcpFrameHeaderSize
                0x08007c30       0x10 xcp_frame_serial.o
                0x08007c30                xcpFrameHeaderSize
 .text.xcpFrameTailSize
                0x08007c40       0x10 xcp_frame_serial.o
                0x08007c40                xcpFrameTailSize
 .text.xcpFrameMaxDtoSize
                0x08007c50       0x12 xcp_frame_serial.o
                0x08007c50                xcpFrameMaxDtoSize
 .text.xcpFrameMaxCtoSize
                0x08007c62       0x10 xcp_frame_serial.o
                0x08007c62                xcpFrameMaxCtoSize
 *fill*         0x08007c72        0x2 
 .text.xcpFrameRestart
                0x08007c74       0x30 xcp_frame_serial.o
                0x08007c74                xcpFrameRestart
 .text.xcpFrameSetCtoReservedMemPoolId
                0x08007ca4       0x20 xcp_frame_serial.o
                0x08007ca4                xcpFrameSetCtoReservedMemPoolId
 .text.xcpFrameReset
                0x08007cc4       0x70 xcp_frame_serial.o
                0x08007cc4                xcpFrameReset
 .text.xcpTransportGetInitParameters
                0x08007d34       0x2e xcp_ext_param_default_serial.o
                0x08007d34                xcpTransportGetInitParameters
 .text.xcpGetInitParameters
                0x08007d62       0x2e xcp_ext_param_default_serial.o
                0x08007d62                xcpGetInitParameters
 .text.HAL_Delay
                0x08007d90       0x2e overrideHALDelay.o
                0x08007d90                HAL_Delay
 *fill*         0x08007dbe        0x2 
 .text.PeriphCommonClock_Config
                0x08007dc0       0x10 platform_timer.o
                0x08007dc0                PeriphCommonClock_Config
 .text.getCurrentTimestampInMicros
                0x08007dd0       0x3c platform_timer.o
                0x08007dd0                getCurrentTimestampInMicros
 .text.returnTimeElapsed
                0x08007e0c       0x2c platform_timer.o
                0x08007e0c                returnTimeElapsed
 .text.timestampInit
                0x08007e38       0x28 platform_timer.o
 .text.getCurrentTimestamp
                0x08007e60       0x44 platform_timer.o
                0x08007e60                getCurrentTimestamp
 .text.__NVIC_SetPriority
                0x08007ea4       0x54 SysTickScheduler.o
 .text.SysTick_Config
                0x08007ef8       0x44 SysTickScheduler.o
 .text.SysTick_Isr
                0x08007f3c       0x48 SysTickScheduler.o
 .text.SysTick_Handler
                0x08007f84       0x20 SysTickScheduler.o
                0x08007f84                SysTick_Handler
 .text.ARMCM_SysTick_Config
                0x08007fa4       0xb0 SysTickScheduler.o
                0x08007fa4                ARMCM_SysTick_Config
 .text.PendSV_Handler
                0x08008054       0x44 m3m4m4f_multitasking.o
                0x08008054                PendSV_Handler
 .text.SVC_Handler
                0x08008098       0x58 m3m4m4f_multitasking.o
                0x08008098                SVC_Handler
 .text.rtIOStreamOpen
                0x080080f0       0x44 rtiostream_serial.o
                0x080080f0                rtIOStreamOpen
 .text.rtIOStreamSend
                0x08008134       0x38 rtiostream_serial.o
                0x08008134                rtIOStreamSend
 .text.rtIOStreamRecv
                0x0800816c       0x48 rtiostream_serial.o
                0x0800816c                rtIOStreamRecv
 .text.rtIOStreamClose
                0x080081b4       0x20 rtiostream_serial.o
                0x080081b4                rtIOStreamClose
 .text.LL_DMA_GetDataLength
                0x080081d4       0x30 stm_usart.o
 .text.getAvailableDataInBuffer
                0x08008204       0xcc stm_usart.o
                0x08008204                getAvailableDataInBuffer
 .text.getBytesToBeReadFromBuffer
                0x080082d0       0x6e stm_usart.o
                0x080082d0                getBytesToBeReadFromBuffer
 *fill*         0x0800833e        0x2 
 .text.readDataFromBuffer
                0x08008340       0xdc stm_usart.o
                0x08008340                readDataFromBuffer
 .text.__NVIC_GetPriorityGrouping
                0x0800841c       0x1c stm_lpuart.o
 .text.__NVIC_EnableIRQ
                0x08008438       0x3c stm_lpuart.o
 .text.__NVIC_SetPriority
                0x08008474       0x54 stm_lpuart.o
 .text.NVIC_EncodePriority
                0x080084c8       0x66 stm_lpuart.o
 *fill*         0x0800852e        0x2 
 .text.LL_DMA_EnableChannel
                0x08008530       0x44 stm_lpuart.o
 .text.LL_DMA_DisableChannel
                0x08008574       0x44 stm_lpuart.o
 .text.LL_DMA_GetMode
                0x080085b8       0x34 stm_lpuart.o
 .text.LL_DMA_SetDataLength
                0x080085ec       0x4c stm_lpuart.o
 .text.LL_DMA_ConfigAddresses
                0x08008638       0x7c stm_lpuart.o
 .text.LL_DMA_IsActiveFlag_TC1
                0x080086b4       0x26 stm_lpuart.o
 .text.LL_DMA_ClearFlag_TC1
                0x080086da       0x1a stm_lpuart.o
 .text.LL_DMA_EnableIT_TC
                0x080086f4       0x44 stm_lpuart.o
 .text.LL_DMA_DisableIT_TC
                0x08008738       0x44 stm_lpuart.o
 .text.LL_DMA_IsEnabledIT_TC
                0x0800877c       0x3c stm_lpuart.o
 .text.LL_LPUART_Enable
                0x080087b8       0x20 stm_lpuart.o
 .text.LL_LPUART_Disable
                0x080087d8       0x20 stm_lpuart.o
 .text.LL_LPUART_IsEnabled
                0x080087f8       0x26 stm_lpuart.o
 .text.LL_LPUART_IsActiveFlag_PE
                0x0800881e       0x26 stm_lpuart.o
 .text.LL_LPUART_IsActiveFlag_FE
                0x08008844       0x26 stm_lpuart.o
 .text.LL_LPUART_IsActiveFlag_NE
                0x0800886a       0x26 stm_lpuart.o
 .text.LL_LPUART_IsActiveFlag_ORE
                0x08008890       0x26 stm_lpuart.o
 .text.LL_LPUART_IsActiveFlag_TC
                0x080088b6       0x26 stm_lpuart.o
 .text.LL_LPUART_IsActiveFlag_TXE_TXFNF
                0x080088dc       0x26 stm_lpuart.o
 .text.LL_LPUART_ClearFlag_PE
                0x08008902       0x1a stm_lpuart.o
 .text.LL_LPUART_ClearFlag_FE
                0x0800891c       0x1a stm_lpuart.o
 .text.LL_LPUART_ClearFlag_NE
                0x08008936       0x1a stm_lpuart.o
 .text.LL_LPUART_ClearFlag_ORE
                0x08008950       0x1a stm_lpuart.o
 .text.LL_LPUART_EnableIT_RXNE_RXFNE
                0x0800896a       0x42 stm_lpuart.o
 .text.LL_LPUART_EnableIT_PE
                0x080089ac       0x42 stm_lpuart.o
 .text.LL_LPUART_EnableIT_ERROR
                0x080089ee       0x46 stm_lpuart.o
 .text.LL_LPUART_DisableIT_RXNE_RXFNE
                0x08008a34       0x42 stm_lpuart.o
 .text.LL_LPUART_DisableIT_TXE_TXFNF
                0x08008a76       0x42 stm_lpuart.o
 .text.LL_LPUART_DisableIT_PE
                0x08008ab8       0x42 stm_lpuart.o
 .text.LL_LPUART_DisableIT_ERROR
                0x08008afa       0x46 stm_lpuart.o
 .text.LL_LPUART_EnableDMAReq_RX
                0x08008b40       0x46 stm_lpuart.o
 .text.LL_LPUART_DisableDMAReq_RX
                0x08008b86       0x46 stm_lpuart.o
 .text.LL_LPUART_EnableDMAReq_TX
                0x08008bcc       0x46 stm_lpuart.o
 .text.LL_LPUART_DisableDMAReq_TX
                0x08008c12       0x46 stm_lpuart.o
 .text.LL_LPUART_DMA_GetRegAddr
                0x08008c58       0x2c stm_lpuart.o
 .text.LL_LPUART_ReceiveData8
                0x08008c84       0x1a stm_lpuart.o
 .text.LL_LPUART_TransmitData8
                0x08008c9e       0x1e stm_lpuart.o
 .text.LPUART_RXDMAInterruptHandler
                0x08008cbc       0xd4 stm_lpuart.o
                0x08008cbc                LPUART_RXDMAInterruptHandler
 .text.LPUART_IsActiveFlagError
                0x08008d90       0xf4 stm_lpuart.o
                0x08008d90                LPUART_IsActiveFlagError
 .text.LPUART1_IRQHandler
                0x08008e84       0x14 stm_lpuart.o
                0x08008e84                LPUART1_IRQHandler
 .text.DMA1_Channel1_IRQHandler
                0x08008e98       0x20 stm_lpuart.o
                0x08008e98                DMA1_Channel1_IRQHandler
 .text.LPUART_ConfigureReceiveDMA
                0x08008eb8       0xae stm_lpuart.o
                0x08008eb8                LPUART_ConfigureReceiveDMA
 .text.LPUART_ConfigureTransmitDMA
                0x08008f66       0x7a stm_lpuart.o
                0x08008f66                LPUART_ConfigureTransmitDMA
 .text.MW_LPUART_GetReadErrorStatus
                0x08008fe0       0xc8 stm_lpuart.o
                0x08008fe0                MW_LPUART_GetReadErrorStatus
 .text.MW_LPUART_Initialize
                0x080090a8      0x170 stm_lpuart.o
                0x080090a8                MW_LPUART_Initialize
 .text.MW_LPUART_ReceiveUsingBuffer
                0x08009218       0x5c stm_lpuart.o
                0x08009218                MW_LPUART_ReceiveUsingBuffer
 .text.MW_LPUART_TransmitUsingPolling
                0x08009274      0x184 stm_lpuart.o
                0x08009274                MW_LPUART_TransmitUsingPolling
 .text.MW_LPUART_DeInit
                0x080093f8       0xaa stm_lpuart.o
                0x080093f8                MW_LPUART_DeInit
 .text.sys_arch_protect
                0x080094a2       0x22 sys_arch.o
                0x080094a2                sys_arch_protect
 .text.sys_arch_unprotect
                0x080094c4       0x20 sys_arch.o
                0x080094c4                sys_arch_unprotect
 .text.__NVIC_GetPriorityGrouping
                0x080094e4       0x1c main.o
 .text.__NVIC_EnableIRQ
                0x08009500       0x3c main.o
 .text.__NVIC_SetPriority
                0x0800953c       0x54 main.o
 .text.NVIC_EncodePriority
                0x08009590       0x66 main.o
 .text.LL_ADC_SetGainCompensation
                0x080095f6       0x4a main.o
 .text.LL_ADC_REG_SetSequencerRanks
                0x08009640       0x58 main.o
 .text.LL_ADC_SetChannelSamplingTime
                0x08009698       0x56 main.o
 *fill*         0x080096ee        0x2 
 .text.LL_ADC_SetChannelSingleDiff
                0x080096f0       0x50 main.o
 .text.LL_ADC_SetOverSamplingScope
                0x08009740       0x2a main.o
 .text.LL_ADC_DisableDeepPowerDown
                0x0800976a       0x24 main.o
 .text.LL_ADC_EnableInternalRegulator
                0x0800978e       0x28 main.o
 *fill*         0x080097b6        0x2 
 .text.LL_DMA_SetDataTransferDirection
                0x080097b8       0x50 main.o
 .text.LL_DMA_SetMode
                0x08009808       0x4c main.o
 .text.LL_DMA_SetPeriphIncMode
                0x08009854       0x4c main.o
 .text.LL_DMA_SetMemoryIncMode
                0x080098a0       0x4c main.o
 .text.LL_DMA_SetPeriphSize
                0x080098ec       0x4c main.o
 .text.LL_DMA_SetMemorySize
                0x08009938       0x4c main.o
 .text.LL_DMA_SetChannelPriorityLevel
                0x08009984       0x4c main.o
 .text.LL_DMA_SetPeriphRequest
                0x080099d0       0x54 main.o
 .text.LL_LPUART_Enable
                0x08009a24       0x20 main.o
 .text.LL_LPUART_DisableFIFO
                0x08009a44       0x20 main.o
 .text.LL_LPUART_SetTXFIFOThreshold
                0x08009a64       0x4e main.o
 .text.LL_LPUART_SetRXFIFOThreshold
                0x08009ab2       0x4e main.o
 .text.LL_LPUART_IsActiveFlag_TEACK
                0x08009b00       0x28 main.o
 .text.LL_LPUART_IsActiveFlag_REACK
                0x08009b28       0x28 main.o
 .text.LL_RCC_HSI_Enable
                0x08009b50       0x20 main.o
 .text.LL_RCC_HSI_IsReady
                0x08009b70       0x28 main.o
 .text.LL_RCC_HSI_SetCalibTrimming
                0x08009b98       0x2c main.o
 .text.LL_RCC_SetSysClkSource
                0x08009bc4       0x28 main.o
 .text.LL_RCC_GetSysClkSource
                0x08009bec       0x1c main.o
 .text.LL_RCC_SetAHBPrescaler
                0x08009c08       0x28 main.o
 .text.LL_RCC_SetAPB1Prescaler
                0x08009c30       0x28 main.o
 .text.LL_RCC_SetAPB2Prescaler
                0x08009c58       0x28 main.o
 .text.LL_RCC_SetLPUARTClockSource
                0x08009c80       0x2c main.o
 .text.LL_RCC_SetADCClockSource
                0x08009cac       0x48 main.o
 .text.LL_RCC_PLL_Enable
                0x08009cf4       0x20 main.o
 .text.LL_RCC_PLL_IsReady
                0x08009d14       0x28 main.o
 .text.LL_RCC_PLL_ConfigDomain_SYS
                0x08009d3c       0x40 main.o
 .text.LL_RCC_PLL_EnableDomain_SYS
                0x08009d7c       0x20 main.o
 .text.LL_AHB1_GRP1_EnableClock
                0x08009d9c       0x30 main.o
 .text.LL_AHB2_GRP1_EnableClock
                0x08009dcc       0x30 main.o
 .text.LL_APB1_GRP2_EnableClock
                0x08009dfc       0x30 main.o
 .text.LL_SYSCFG_SetEXTISource
                0x08009e2c       0x70 main.o
 .text.LL_FLASH_SetLatency
                0x08009e9c       0x28 main.o
 .text.LL_FLASH_GetLatency
                0x08009ec4       0x1c main.o
 .text.LL_PWR_EnableRange1BoostMode
                0x08009ee0       0x24 main.o
 .text.LL_GPIO_SetPinMode
                0x08009f04       0x7a main.o
 .text.LL_GPIO_SetPinPull
                0x08009f7e       0x7a main.o
 .text.LL_GPIO_ResetOutputPin
                0x08009ff8       0x1c main.o
 .text.SystemClock_Config
                0x0800a014       0xb0 main.o
                0x0800a014                SystemClock_Config
 .text.MX_ADC1_Init
                0x0800a0c4      0x15c main.o
                0x0800a0c4                MX_ADC1_Init
 .text.MX_LPUART1_UART_Init
                0x0800a220      0x148 main.o
                0x0800a220                MX_LPUART1_UART_Init
 .text.MX_DMA_Init
                0x0800a368       0x34 main.o
                0x0800a368                MX_DMA_Init
 .text.MX_GPIO_Init
                0x0800a39c       0xd8 main.o
                0x0800a39c                MX_GPIO_Init
 .text.HAL_TIM_PeriodElapsedCallback
                0x0800a474       0x1e main.o
                0x0800a474                HAL_TIM_PeriodElapsedCallback
 .text.Error_Handler
                0x0800a492        0xc main.o
                0x0800a492                Error_Handler
 *fill*         0x0800a49e        0x2 
 .text.LL_EXTI_IsActiveFlag_0_31
                0x0800a4a0       0x2c stm32g4xx_it.o
 .text.LL_EXTI_ClearFlag_0_31
                0x0800a4cc       0x20 stm32g4xx_it.o
 .text.NMI_Handler
                0x0800a4ec        0x8 stm32g4xx_it.o
                0x0800a4ec                NMI_Handler
 .text.HardFault_Handler
                0x0800a4f4        0x8 stm32g4xx_it.o
                0x0800a4f4                HardFault_Handler
 .text.MemManage_Handler
                0x0800a4fc        0x8 stm32g4xx_it.o
                0x0800a4fc                MemManage_Handler
 .text.BusFault_Handler
                0x0800a504        0x8 stm32g4xx_it.o
                0x0800a504                BusFault_Handler
 .text.UsageFault_Handler
                0x0800a50c        0x8 stm32g4xx_it.o
                0x0800a50c                UsageFault_Handler
 .text.DebugMon_Handler
                0x0800a514        0xe stm32g4xx_it.o
                0x0800a514                DebugMon_Handler
 *fill*         0x0800a522        0x2 
 .text.TIM2_IRQHandler
                0x0800a524       0x14 stm32g4xx_it.o
                0x0800a524                TIM2_IRQHandler
 .text.EXTI15_10_IRQHandler
                0x0800a538       0x1e stm32g4xx_it.o
                0x0800a538                EXTI15_10_IRQHandler
 *fill*         0x0800a556        0x2 
 .text.HAL_MspInit
                0x0800a558       0x48 stm32g4xx_hal_msp.o
                0x0800a558                HAL_MspInit
 .text.HAL_InitTick
                0x0800a5a0       0xd8 stm32g4xx_hal_timebase_tim.o
                0x0800a5a0                HAL_InitTick
 .text.LL_SetSystemCoreClock
                0x0800a678       0x20 stm32g4xx_ll_utils.o
                0x0800a678                LL_SetSystemCoreClock
 .text.LL_EXTI_EnableIT_0_31
                0x0800a698       0x24 stm32g4xx_ll_exti.o
 .text.LL_EXTI_EnableIT_32_63
                0x0800a6bc       0x24 stm32g4xx_ll_exti.o
 .text.LL_EXTI_DisableIT_0_31
                0x0800a6e0       0x28 stm32g4xx_ll_exti.o
 .text.LL_EXTI_DisableIT_32_63
                0x0800a708       0x28 stm32g4xx_ll_exti.o
 .text.LL_EXTI_EnableEvent_0_31
                0x0800a730       0x24 stm32g4xx_ll_exti.o
 .text.LL_EXTI_EnableEvent_32_63
                0x0800a754       0x24 stm32g4xx_ll_exti.o
 .text.LL_EXTI_DisableEvent_0_31
                0x0800a778       0x28 stm32g4xx_ll_exti.o
 .text.LL_EXTI_DisableEvent_32_63
                0x0800a7a0       0x28 stm32g4xx_ll_exti.o
 .text.LL_EXTI_EnableRisingTrig_0_31
                0x0800a7c8       0x24 stm32g4xx_ll_exti.o
 .text.LL_EXTI_EnableRisingTrig_32_63
                0x0800a7ec       0x24 stm32g4xx_ll_exti.o
 .text.LL_EXTI_DisableRisingTrig_0_31
                0x0800a810       0x28 stm32g4xx_ll_exti.o
 .text.LL_EXTI_DisableRisingTrig_32_63
                0x0800a838       0x28 stm32g4xx_ll_exti.o
 .text.LL_EXTI_EnableFallingTrig_0_31
                0x0800a860       0x24 stm32g4xx_ll_exti.o
 .text.LL_EXTI_EnableFallingTrig_32_63
                0x0800a884       0x24 stm32g4xx_ll_exti.o
 .text.LL_EXTI_DisableFallingTrig_0_31
                0x0800a8a8       0x28 stm32g4xx_ll_exti.o
 .text.LL_EXTI_DisableFallingTrig_32_63
                0x0800a8d0       0x28 stm32g4xx_ll_exti.o
 .text.LL_EXTI_Init
                0x0800a8f8      0x1ec stm32g4xx_ll_exti.o
                0x0800a8f8                LL_EXTI_Init
 .text.LL_GPIO_SetPinMode
                0x0800aae4       0x7a stm32g4xx_ll_gpio.o
 .text.LL_GPIO_SetPinOutputType
                0x0800ab5e       0x30 stm32g4xx_ll_gpio.o
 .text.LL_GPIO_SetPinSpeed
                0x0800ab8e       0x7a stm32g4xx_ll_gpio.o
 .text.LL_GPIO_SetPinPull
                0x0800ac08       0x7a stm32g4xx_ll_gpio.o
 .text.LL_GPIO_SetAFPin_0_7
                0x0800ac82       0x7a stm32g4xx_ll_gpio.o
 .text.LL_GPIO_SetAFPin_8_15
                0x0800acfc       0x7e stm32g4xx_ll_gpio.o
 .text.LL_GPIO_Init
                0x0800ad7a       0xdc stm32g4xx_ll_gpio.o
                0x0800ad7a                LL_GPIO_Init
 .text.LL_ADC_REG_SetSequencerLength
                0x0800ae56       0x26 stm32g4xx_ll_adc.o
 .text.LL_ADC_IsEnabled
                0x0800ae7c       0x26 stm32g4xx_ll_adc.o
 *fill*         0x0800aea2        0x2 
 .text.LL_ADC_CommonInit
                0x0800aea4       0xc8 stm32g4xx_ll_adc.o
                0x0800aea4                LL_ADC_CommonInit
 .text.LL_ADC_Init
                0x0800af6c       0x4c stm32g4xx_ll_adc.o
                0x0800af6c                LL_ADC_Init
 .text.LL_ADC_REG_Init
                0x0800afb8       0x94 stm32g4xx_ll_adc.o
                0x0800afb8                LL_ADC_REG_Init
 .text.HAL_Init
                0x0800b04c       0x30 stm32g4xx_hal.o
                0x0800b04c                HAL_Init
 .text.HAL_IncTick
                0x0800b07c       0x24 stm32g4xx_hal.o
                0x0800b07c                HAL_IncTick
 .text.HAL_GetTick
                0x0800b0a0       0x18 stm32g4xx_hal.o
                0x0800b0a0                HAL_GetTick
 .text.HAL_RCC_GetHCLKFreq
                0x0800b0b8       0x18 stm32g4xx_hal_rcc.o
                0x0800b0b8                HAL_RCC_GetHCLKFreq
 .text.HAL_RCC_GetPCLK1Freq
                0x0800b0d0       0x2c stm32g4xx_hal_rcc.o
                0x0800b0d0                HAL_RCC_GetPCLK1Freq
 .text.HAL_RCC_GetClockConfig
                0x0800b0fc       0x64 stm32g4xx_hal_rcc.o
                0x0800b0fc                HAL_RCC_GetClockConfig
 .text.HAL_PWREx_DisableUCPDDeadBattery
                0x0800b160       0x20 stm32g4xx_hal_pwr_ex.o
                0x0800b160                HAL_PWREx_DisableUCPDDeadBattery
 .text.__NVIC_SetPriorityGrouping
                0x0800b180       0x48 stm32g4xx_hal_cortex.o
 .text.__NVIC_GetPriorityGrouping
                0x0800b1c8       0x1c stm32g4xx_hal_cortex.o
 .text.__NVIC_EnableIRQ
                0x0800b1e4       0x3c stm32g4xx_hal_cortex.o
 .text.__NVIC_SetPriority
                0x0800b220       0x54 stm32g4xx_hal_cortex.o
 .text.NVIC_EncodePriority
                0x0800b274       0x66 stm32g4xx_hal_cortex.o
 .text.HAL_NVIC_SetPriorityGrouping
                0x0800b2da       0x16 stm32g4xx_hal_cortex.o
                0x0800b2da                HAL_NVIC_SetPriorityGrouping
 .text.HAL_NVIC_SetPriority
                0x0800b2f0       0x34 stm32g4xx_hal_cortex.o
                0x0800b2f0                HAL_NVIC_SetPriority
 .text.HAL_NVIC_EnableIRQ
                0x0800b324       0x1c stm32g4xx_hal_cortex.o
                0x0800b324                HAL_NVIC_EnableIRQ
 .text.LL_LPUART_IsEnabled
                0x0800b340       0x26 stm32g4xx_ll_lpuart.o
 .text.LL_LPUART_SetPrescaler
                0x0800b366       0x28 stm32g4xx_ll_lpuart.o
 .text.LL_LPUART_SetStopBitsLength
                0x0800b38e       0x26 stm32g4xx_ll_lpuart.o
 .text.LL_LPUART_SetHWFlowCtrl
                0x0800b3b4       0x26 stm32g4xx_ll_lpuart.o
 *fill*         0x0800b3da        0x2 
 .text.LL_LPUART_SetBaudRate
                0x0800b3dc       0x98 stm32g4xx_ll_lpuart.o
 .text.LL_LPUART_Init
                0x0800b474       0x98 stm32g4xx_ll_lpuart.o
                0x0800b474                LL_LPUART_Init
 .text.LL_RCC_HSI_IsReady
                0x0800b50c       0x28 stm32g4xx_ll_rcc.o
 .text.LL_RCC_LSE_IsReady
                0x0800b534       0x28 stm32g4xx_ll_rcc.o
 .text.LL_RCC_GetSysClkSource
                0x0800b55c       0x1c stm32g4xx_ll_rcc.o
 .text.LL_RCC_GetAHBPrescaler
                0x0800b578       0x1c stm32g4xx_ll_rcc.o
 .text.LL_RCC_GetAPB1Prescaler
                0x0800b594       0x1c stm32g4xx_ll_rcc.o
 .text.LL_RCC_GetLPUARTClockSource
                0x0800b5b0       0x24 stm32g4xx_ll_rcc.o
 .text.LL_RCC_PLL_GetMainSource
                0x0800b5d4       0x1c stm32g4xx_ll_rcc.o
 .text.LL_RCC_PLL_GetN
                0x0800b5f0       0x1c stm32g4xx_ll_rcc.o
 .text.LL_RCC_PLL_GetR
                0x0800b60c       0x1c stm32g4xx_ll_rcc.o
 .text.LL_RCC_PLL_GetDivider
                0x0800b628       0x1c stm32g4xx_ll_rcc.o
 .text.LL_RCC_GetLPUARTClockFreq
                0x0800b644       0x84 stm32g4xx_ll_rcc.o
                0x0800b644                LL_RCC_GetLPUARTClockFreq
 .text.RCC_GetSystemClockFreq
                0x0800b6c8       0x4c stm32g4xx_ll_rcc.o
 .text.RCC_GetHCLKClockFreq
                0x0800b714       0x30 stm32g4xx_ll_rcc.o
 .text.RCC_GetPCLK1ClockFreq
                0x0800b744       0x2c stm32g4xx_ll_rcc.o
 .text.RCC_PLL_GetFreqDomain_SYS
                0x0800b770       0x68 stm32g4xx_ll_rcc.o
 .text.HAL_TIM_Base_Init
                0x0800b7d8       0xae stm32g4xx_hal_tim.o
                0x0800b7d8                HAL_TIM_Base_Init
 .text.HAL_TIM_Base_MspInit
                0x0800b886       0x14 stm32g4xx_hal_tim.o
                0x0800b886                HAL_TIM_Base_MspInit
 *fill*         0x0800b89a        0x2 
 .text.HAL_TIM_Base_Start_IT
                0x0800b89c       0xf0 stm32g4xx_hal_tim.o
                0x0800b89c                HAL_TIM_Base_Start_IT
 .text.HAL_TIM_IRQHandler
                0x0800b98c      0x2fe stm32g4xx_hal_tim.o
                0x0800b98c                HAL_TIM_IRQHandler
 .text.HAL_TIM_OC_DelayElapsedCallback
                0x0800bc8a       0x14 stm32g4xx_hal_tim.o
                0x0800bc8a                HAL_TIM_OC_DelayElapsedCallback
 .text.HAL_TIM_IC_CaptureCallback
                0x0800bc9e       0x14 stm32g4xx_hal_tim.o
                0x0800bc9e                HAL_TIM_IC_CaptureCallback
 .text.HAL_TIM_PWM_PulseFinishedCallback
                0x0800bcb2       0x14 stm32g4xx_hal_tim.o
                0x0800bcb2                HAL_TIM_PWM_PulseFinishedCallback
 .text.HAL_TIM_TriggerCallback
                0x0800bcc6       0x14 stm32g4xx_hal_tim.o
                0x0800bcc6                HAL_TIM_TriggerCallback
 *fill*         0x0800bcda        0x2 
 .text.TIM_Base_SetConfig
                0x0800bcdc      0x150 stm32g4xx_hal_tim.o
                0x0800bcdc                TIM_Base_SetConfig
 .text.HAL_TIMEx_CommutCallback
                0x0800be2c       0x14 stm32g4xx_hal_tim_ex.o
                0x0800be2c                HAL_TIMEx_CommutCallback
 .text.HAL_TIMEx_BreakCallback
                0x0800be40       0x14 stm32g4xx_hal_tim_ex.o
                0x0800be40                HAL_TIMEx_BreakCallback
 .text.HAL_TIMEx_Break2Callback
                0x0800be54       0x14 stm32g4xx_hal_tim_ex.o
                0x0800be54                HAL_TIMEx_Break2Callback
 .text.HAL_TIMEx_EncoderIndexCallback
                0x0800be68       0x14 stm32g4xx_hal_tim_ex.o
                0x0800be68                HAL_TIMEx_EncoderIndexCallback
 .text.HAL_TIMEx_DirectionChangeCallback
                0x0800be7c       0x14 stm32g4xx_hal_tim_ex.o
                0x0800be7c                HAL_TIMEx_DirectionChangeCallback
 .text.HAL_TIMEx_IndexErrorCallback
                0x0800be90       0x14 stm32g4xx_hal_tim_ex.o
                0x0800be90                HAL_TIMEx_IndexErrorCallback
 .text.HAL_TIMEx_TransitionErrorCallback
                0x0800bea4       0x14 stm32g4xx_hal_tim_ex.o
                0x0800bea4                HAL_TIMEx_TransitionErrorCallback
 .text.SystemInit
                0x0800beb8       0x24 system_stm32g4xx.o
                0x0800beb8                SystemInit
 .text.Reset_Handler
                0x0800bedc       0x50 startup_stm32g474retx.o
                0x0800bedc                Reset_Handler
 .text.Default_Handler
                0x0800bf2c        0x2 startup_stm32g474retx.o
                0x0800bf2c                RTC_Alarm_IRQHandler
                0x0800bf2c                EXTI2_IRQHandler
                0x0800bf2c                TIM8_TRG_COM_IRQHandler
                0x0800bf2c                TIM8_CC_IRQHandler
                0x0800bf2c                HRTIM1_Master_IRQHandler
                0x0800bf2c                SPI4_IRQHandler
                0x0800bf2c                FDCAN3_IT0_IRQHandler
                0x0800bf2c                TIM1_CC_IRQHandler
                0x0800bf2c                HRTIM1_FLT_IRQHandler
                0x0800bf2c                HRTIM1_TIMF_IRQHandler
                0x0800bf2c                USB_HP_IRQHandler
                0x0800bf2c                CORDIC_IRQHandler
                0x0800bf2c                HRTIM1_TIMD_IRQHandler
                0x0800bf2c                DMA2_Channel8_IRQHandler
                0x0800bf2c                EXTI3_IRQHandler
                0x0800bf2c                I2C3_ER_IRQHandler
                0x0800bf2c                EXTI0_IRQHandler
                0x0800bf2c                I2C2_EV_IRQHandler
                0x0800bf2c                FPU_IRQHandler
                0x0800bf2c                FDCAN1_IT1_IRQHandler
                0x0800bf2c                TIM1_UP_TIM16_IRQHandler
                0x0800bf2c                HRTIM1_TIME_IRQHandler
                0x0800bf2c                SPI1_IRQHandler
                0x0800bf2c                TIM6_DAC_IRQHandler
                0x0800bf2c                HRTIM1_TIMC_IRQHandler
                0x0800bf2c                TIM8_UP_IRQHandler
                0x0800bf2c                DMA2_Channel2_IRQHandler
                0x0800bf2c                DMA1_Channel4_IRQHandler
                0x0800bf2c                TIM20_TRG_COM_IRQHandler
                0x0800bf2c                USART3_IRQHandler
                0x0800bf2c                DMA1_Channel7_IRQHandler
                0x0800bf2c                UART5_IRQHandler
                0x0800bf2c                ADC3_IRQHandler
                0x0800bf2c                TIM4_IRQHandler
                0x0800bf2c                DMA2_Channel1_IRQHandler
                0x0800bf2c                QUADSPI_IRQHandler
                0x0800bf2c                I2C1_EV_IRQHandler
                0x0800bf2c                DMA1_Channel6_IRQHandler
                0x0800bf2c                UART4_IRQHandler
                0x0800bf2c                DMA2_Channel4_IRQHandler
                0x0800bf2c                TIM3_IRQHandler
                0x0800bf2c                RCC_IRQHandler
                0x0800bf2c                TIM20_UP_IRQHandler
                0x0800bf2c                Default_Handler
                0x0800bf2c                DMA2_Channel7_IRQHandler
                0x0800bf2c                RTC_TAMP_LSECSS_IRQHandler
                0x0800bf2c                FMAC_IRQHandler
                0x0800bf2c                DMA1_Channel8_IRQHandler
                0x0800bf2c                HRTIM1_TIMA_IRQHandler
                0x0800bf2c                TIM7_DAC_IRQHandler
                0x0800bf2c                FDCAN3_IT1_IRQHandler
                0x0800bf2c                TIM5_IRQHandler
                0x0800bf2c                UCPD1_IRQHandler
                0x0800bf2c                I2C3_EV_IRQHandler
                0x0800bf2c                EXTI9_5_IRQHandler
                0x0800bf2c                RTC_WKUP_IRQHandler
                0x0800bf2c                PVD_PVM_IRQHandler
                0x0800bf2c                SPI2_IRQHandler
                0x0800bf2c                ADC5_IRQHandler
                0x0800bf2c                DMA2_Channel5_IRQHandler
                0x0800bf2c                CRS_IRQHandler
                0x0800bf2c                DMA1_Channel5_IRQHandler
                0x0800bf2c                USB_LP_IRQHandler
                0x0800bf2c                EXTI4_IRQHandler
                0x0800bf2c                RNG_IRQHandler
                0x0800bf2c                HRTIM1_TIMB_IRQHandler
                0x0800bf2c                TIM1_TRG_COM_TIM17_IRQHandler
                0x0800bf2c                FDCAN2_IT1_IRQHandler
                0x0800bf2c                DMA1_Channel3_IRQHandler
                0x0800bf2c                ADC4_IRQHandler
                0x0800bf2c                WWDG_IRQHandler
                0x0800bf2c                I2C4_EV_IRQHandler
                0x0800bf2c                FDCAN2_IT0_IRQHandler
                0x0800bf2c                DMA2_Channel6_IRQHandler
                0x0800bf2c                FDCAN1_IT0_IRQHandler
                0x0800bf2c                COMP7_IRQHandler
                0x0800bf2c                COMP1_2_3_IRQHandler
                0x0800bf2c                EXTI1_IRQHandler
                0x0800bf2c                USART2_IRQHandler
                0x0800bf2c                COMP4_5_6_IRQHandler
                0x0800bf2c                TIM20_BRK_IRQHandler
                0x0800bf2c                I2C2_ER_IRQHandler
                0x0800bf2c                DMA1_Channel2_IRQHandler
                0x0800bf2c                TIM8_BRK_IRQHandler
                0x0800bf2c                FLASH_IRQHandler
                0x0800bf2c                TIM20_CC_IRQHandler
                0x0800bf2c                USART1_IRQHandler
                0x0800bf2c                SPI3_IRQHandler
                0x0800bf2c                I2C1_ER_IRQHandler
                0x0800bf2c                FMC_IRQHandler
                0x0800bf2c                LPTIM1_IRQHandler
                0x0800bf2c                DMAMUX_OVR_IRQHandler
                0x0800bf2c                I2C4_ER_IRQHandler
                0x0800bf2c                USBWakeUp_IRQHandler
                0x0800bf2c                SAI1_IRQHandler
                0x0800bf2c                DMA2_Channel3_IRQHandler
                0x0800bf2c                TIM1_BRK_TIM15_IRQHandler
 *fill*         0x0800bf2e        0x2 
 .text.fmod     0x0800bf30       0x6c C:/ProgramData/MATLAB/SupportPackages/R2024b/3P.instrset/gnuarm-armcortex.instrset/win/bin/../lib/gcc/arm-none-eabi/13.2.1/thumb/v7e-m+fp/hard\libm.a(libm_a-w_fmod.o)
                0x0800bf30                fmod
 .text.__ieee754_fmod
                0x0800bf9c      0x30c C:/ProgramData/MATLAB/SupportPackages/R2024b/3P.instrset/gnuarm-armcortex.instrset/win/bin/../lib/gcc/arm-none-eabi/13.2.1/thumb/v7e-m+fp/hard\libm.a(libm_a-e_fmod.o)
                0x0800bf9c                __ieee754_fmod
 .text.__udivmoddi4
                0x0800c2a8      0x2bc C:/ProgramData/MATLAB/SupportPackages/R2024b/3P.instrset/gnuarm-armcortex.instrset/win/bin/../lib/gcc/arm-none-eabi/13.2.1/thumb/v7e-m+fp/hard\libgcc.a(_udivmoddi4.o)
                0x0800c2a8                __udivmoddi4
 .text.memset   0x0800c564       0x10 C:/ProgramData/MATLAB/SupportPackages/R2024b/3P.instrset/gnuarm-armcortex.instrset/win/bin/../lib/gcc/arm-none-eabi/13.2.1/thumb/v7e-m+fp/hard\libg_nano.a(libc_a-memset.o)
                0x0800c564                memset
 .text.__errno  0x0800c574        0xc C:/ProgramData/MATLAB/SupportPackages/R2024b/3P.instrset/gnuarm-armcortex.instrset/win/bin/../lib/gcc/arm-none-eabi/13.2.1/thumb/v7e-m+fp/hard\libg_nano.a(libc_a-errno.o)
                0x0800c574                __errno
 .text.__libc_init_array
                0x0800c580       0x48 C:/ProgramData/MATLAB/SupportPackages/R2024b/3P.instrset/gnuarm-armcortex.instrset/win/bin/../lib/gcc/arm-none-eabi/13.2.1/thumb/v7e-m+fp/hard\libg_nano.a(libc_a-init.o)
                0x0800c580                __libc_init_array
 .text.memcpy   0x0800c5c8       0x1c C:/ProgramData/MATLAB/SupportPackages/R2024b/3P.instrset/gnuarm-armcortex.instrset/win/bin/../lib/gcc/arm-none-eabi/13.2.1/thumb/v7e-m+fp/hard\libg_nano.a(libc_a-memcpy-stub.o)
                0x0800c5c8                memcpy
 *(.glue_7)
 .glue_7        0x0800c5e4        0x0 linker stubs
 *(.glue_7t)
 .glue_7t       0x0800c5e4        0x0 linker stubs
 *(.eh_frame)
 .eh_frame      0x0800c5e4        0x0 C:/ProgramData/MATLAB/SupportPackages/R2024b/3P.instrset/gnuarm-armcortex.instrset/win/bin/../lib/gcc/arm-none-eabi/13.2.1/thumb/v7e-m+fp/hard/crtbegin.o
 *(.init)
 .init          0x0800c5e4        0x4 C:/ProgramData/MATLAB/SupportPackages/R2024b/3P.instrset/gnuarm-armcortex.instrset/win/bin/../lib/gcc/arm-none-eabi/13.2.1/thumb/v7e-m+fp/hard/crti.o
                0x0800c5e4                _init
 .init          0x0800c5e8        0x8 C:/ProgramData/MATLAB/SupportPackages/R2024b/3P.instrset/gnuarm-armcortex.instrset/win/bin/../lib/gcc/arm-none-eabi/13.2.1/thumb/v7e-m+fp/hard/crtn.o
 *(.fini)
 .fini          0x0800c5f0        0x4 C:/ProgramData/MATLAB/SupportPackages/R2024b/3P.instrset/gnuarm-armcortex.instrset/win/bin/../lib/gcc/arm-none-eabi/13.2.1/thumb/v7e-m+fp/hard/crti.o
                0x0800c5f0                _fini
 .fini          0x0800c5f4        0x8 C:/ProgramData/MATLAB/SupportPackages/R2024b/3P.instrset/gnuarm-armcortex.instrset/win/bin/../lib/gcc/arm-none-eabi/13.2.1/thumb/v7e-m+fp/hard/crtn.o
                0x0800c5fc                        . = ALIGN (0x4)
                0x0800c5fc                        _etext = .

.vfp11_veneer   0x0800c5fc        0x0
 .vfp11_veneer  0x0800c5fc        0x0 linker stubs

.v4_bx          0x0800c5fc        0x0
 .v4_bx         0x0800c5fc        0x0 linker stubs

.iplt           0x0800c5fc        0x0
 .iplt          0x0800c5fc        0x0 C:/ProgramData/MATLAB/SupportPackages/R2024b/3P.instrset/gnuarm-armcortex.instrset/win/bin/../lib/gcc/arm-none-eabi/13.2.1/thumb/v7e-m+fp/hard/crtbegin.o

.rodata         0x0800c600     0x29f0
                0x0800c600                        . = ALIGN (0x4)
 *(.rodata)
 .rodata        0x0800c600      0x2b9 xcp_ext_mode.o
 *fill*         0x0800c8b9        0x3 
 .rodata        0x0800c8bc      0x12e xcp_ext_common.o
 *fill*         0x0800c9ea        0x2 
 .rodata        0x0800c9ec       0x4c xcp_ext_classic_trigger.o
 .rodata        0x0800ca38      0x278 xcp.o
 .rodata        0x0800ccb0      0x3a9 xcp_standard.o
 *fill*         0x0800d059        0x3 
 .rodata        0x0800d05c     0x1010 xcp_daq.o
 .rodata        0x0800e06c       0xdd xcp_calibration.o
 *fill*         0x0800e149        0x3 
 .rodata        0x0800e14c      0x56e xcp_transport.o
 *fill*         0x0800e6ba        0x2 
 .rodata        0x0800e6bc       0xf5 xcp_mem_default.o
 *fill*         0x0800e7b1        0x3 
 .rodata        0x0800e7b4      0x228 xcp_drv_rtiostream.o
 .rodata        0x0800e9dc      0x4aa xcp_frame_serial.o
 *(.rodata*)
 *fill*         0x0800ee86        0x2 
 .rodata.potenlab_M
                0x0800ee88        0x4 potenlab.o
                0x0800ee88                potenlab_M
 .rodata.rtAlwaysEnabled.0
                0x0800ee8c        0x1 potenlab.o
 *fill*         0x0800ee8d        0x3 
 .rodata.standardSupportedRxPacket
                0x0800ee90       0x54 xcp_standard.o
 .rodata.daqSupportedRxPacket
                0x0800eee4       0x9c xcp_daq.o
 .rodata.calibrationSupportedRxPacket
                0x0800ef80       0x18 xcp_calibration.o
 .rodata.CHANNEL_OFFSET_TAB
                0x0800ef98        0x8 stm_usart.o
 .rodata.CHANNEL_OFFSET_TAB
                0x0800efa0        0x8 stm_lpuart.o
 .rodata.CHANNEL_OFFSET_TAB
                0x0800efa8        0x8 main.o
 .rodata.LPUART_PRESCALER_TAB
                0x0800efb0       0x18 stm32g4xx_ll_lpuart.o
 .rodata.AHBPrescTable
                0x0800efc8       0x10 system_stm32g4xx.o
                0x0800efc8                AHBPrescTable
 .rodata.APBPrescTable
                0x0800efd8        0x8 system_stm32g4xx.o
                0x0800efd8                APBPrescTable
 .rodata.Zero   0x0800efe0       0x10 C:/ProgramData/MATLAB/SupportPackages/R2024b/3P.instrset/gnuarm-armcortex.instrset/win/bin/../lib/gcc/arm-none-eabi/13.2.1/thumb/v7e-m+fp/hard\libm.a(libm_a-e_fmod.o)
                0x0800eff0                        . = ALIGN (0x4)

.ARM.extab      0x0800eff0        0x0
                0x0800eff0                        . = ALIGN (0x4)
 *(.ARM.extab* .gnu.linkonce.armextab.*)
                0x0800eff0                        . = ALIGN (0x4)

.ARM            0x0800eff0        0x8
                0x0800eff0                        . = ALIGN (0x4)
                0x0800eff0                        __exidx_start = .
 *(.ARM.exidx*)
 .ARM.exidx.text.__udivmoddi4
                0x0800eff0        0x8 C:/ProgramData/MATLAB/SupportPackages/R2024b/3P.instrset/gnuarm-armcortex.instrset/win/bin/../lib/gcc/arm-none-eabi/13.2.1/thumb/v7e-m+fp/hard\libgcc.a(_udivmoddi4.o)
                0x0800eff8                        __exidx_end = .
                0x0800eff8                        . = ALIGN (0x4)

.preinit_array  0x0800eff8        0x0
                0x0800eff8                        . = ALIGN (0x4)
                0x0800eff8                        PROVIDE (__preinit_array_start = .)
 *(.preinit_array*)
                0x0800eff8                        PROVIDE (__preinit_array_end = .)
                0x0800eff8                        . = ALIGN (0x4)

.init_array     0x0800eff8        0x4
                0x0800eff8                        . = ALIGN (0x4)
                0x0800eff8                        PROVIDE (__init_array_start = .)
 *(SORT_BY_NAME(.init_array.*))
 *(.init_array*)
 .init_array    0x0800eff8        0x4 C:/ProgramData/MATLAB/SupportPackages/R2024b/3P.instrset/gnuarm-armcortex.instrset/win/bin/../lib/gcc/arm-none-eabi/13.2.1/thumb/v7e-m+fp/hard/crtbegin.o
                0x0800effc                        PROVIDE (__init_array_end = .)
                0x0800effc                        . = ALIGN (0x4)

.fini_array     0x0800effc        0x4
                0x0800effc                        . = ALIGN (0x4)
                [!provide]                        PROVIDE (__fini_array_start = .)
 *(SORT_BY_NAME(.fini_array.*))
 *(.fini_array*)
 .fini_array    0x0800effc        0x4 C:/ProgramData/MATLAB/SupportPackages/R2024b/3P.instrset/gnuarm-armcortex.instrset/win/bin/../lib/gcc/arm-none-eabi/13.2.1/thumb/v7e-m+fp/hard/crtbegin.o
                [!provide]                        PROVIDE (__fini_array_end = .)
                0x0800f000                        . = ALIGN (0x4)
                0x0800f000                        _sidata = LOADADDR (.data)

.rel.dyn        0x0800f000        0x0
 .rel.iplt      0x0800f000        0x0 C:/ProgramData/MATLAB/SupportPackages/R2024b/3P.instrset/gnuarm-armcortex.instrset/win/bin/../lib/gcc/arm-none-eabi/13.2.1/thumb/v7e-m+fp/hard/crtbegin.o

.data           0x20000000       0xe4 load address 0x0800f000
                0x20000000                        . = ALIGN (0x4)
                0x20000000                        _sdata = .
 *(.data)
 *(.data*)
 .data.xcpExtmodeFinalSimulationTime
                0x20000000        0x8 xcp_ext_common.o
                0x20000000                xcpExtmodeFinalSimulationTime
 .data.xcpClassicTriggerDuration
                0x20000008        0x4 xcp_ext_classic_trigger.o
                0x20000008                xcpClassicTriggerDuration
 .data.xcpClassicTriggerArmRequest
                0x2000000c        0x1 xcp_ext_classic_trigger.o
                0x2000000c                xcpClassicTriggerArmRequest
 *fill*         0x2000000d        0x3 
 .data.startStopDaqListId
                0x20000010        0x4 xcp_daq.o
 .data.xcpCurrentDaq
                0x20000014        0x4 xcp_daq.o
 .data.xcpEventCustomMemoryManager
                0x20000018        0xc xcp_daq.o
 .data.xcpCtoReservedMemPoolId
                0x20000024        0x4 xcp_transport.o
 .data.xcpMemMainBlockSizes
                0x20000028        0xc xcp_mem_default.o
 .data.xcpMemMainBlocksNumber
                0x20000034        0xc xcp_mem_default.o
 .data.drvID    0x20000040        0x4 xcp_drv_rtiostream.o
 .data.xcpCtoReservedMemPoolId
                0x20000044        0x4 xcp_frame_serial.o
 .data.uartObj  0x20000048       0x40 rtiostream_serial.o
                0x20000048                uartObj
 .data.uwTickPrio
                0x20000088        0x4 stm32g4xx_hal.o
                0x20000088                uwTickPrio
 .data.uwTickFreq
                0x2000008c        0x4 stm32g4xx_hal.o
                0x2000008c                uwTickFreq
 .data.SystemCoreClock
                0x20000090        0x4 system_stm32g4xx.o
                0x20000090                SystemCoreClock
 .data._impure_ptr
                0x20000094        0x4 C:/ProgramData/MATLAB/SupportPackages/R2024b/3P.instrset/gnuarm-armcortex.instrset/win/bin/../lib/gcc/arm-none-eabi/13.2.1/thumb/v7e-m+fp/hard\libg_nano.a(libc_a-impure.o)
                0x20000094                _impure_ptr
 .data._impure_data
                0x20000098       0x4c C:/ProgramData/MATLAB/SupportPackages/R2024b/3P.instrset/gnuarm-armcortex.instrset/win/bin/../lib/gcc/arm-none-eabi/13.2.1/thumb/v7e-m+fp/hard\libg_nano.a(libc_a-impure.o)
                0x20000098                _impure_data
 *(.RamFunc)
 *(.RamFunc*)
                0x200000e4                        . = ALIGN (0x4)
                0x200000e4                        _edata = .

.tm_clone_table
                0x200000e4        0x0 load address 0x0800f0e4
 .tm_clone_table
                0x200000e4        0x0 C:/ProgramData/MATLAB/SupportPackages/R2024b/3P.instrset/gnuarm-armcortex.instrset/win/bin/../lib/gcc/arm-none-eabi/13.2.1/thumb/v7e-m+fp/hard/crtbegin.o
 .tm_clone_table
                0x200000e4        0x0 C:/ProgramData/MATLAB/SupportPackages/R2024b/3P.instrset/gnuarm-armcortex.instrset/win/bin/../lib/gcc/arm-none-eabi/13.2.1/thumb/v7e-m+fp/hard/crtend.o

.igot.plt       0x200000e4        0x0 load address 0x0800f0e4
 .igot.plt      0x200000e4        0x0 C:/ProgramData/MATLAB/SupportPackages/R2024b/3P.instrset/gnuarm-armcortex.instrset/win/bin/../lib/gcc/arm-none-eabi/13.2.1/thumb/v7e-m+fp/hard/crtbegin.o
                0x200000e4                        . = ALIGN (0x4)

.bss            0x200000e8      0xfd8 load address 0x0800f0e4
                0x200000e8                        _sbss = .
                0x200000e8                        __bss_start__ = _sbss
 *(.bss)
 *(.bss*)
 .bss.completed.1
                0x200000e8        0x1 C:/ProgramData/MATLAB/SupportPackages/R2024b/3P.instrset/gnuarm-armcortex.instrset/win/bin/../lib/gcc/arm-none-eabi/13.2.1/thumb/v7e-m+fp/hard/crtbegin.o
 *fill*         0x200000e9        0x3 
 .bss.object.0  0x200000ec       0x18 C:/ProgramData/MATLAB/SupportPackages/R2024b/3P.instrset/gnuarm-armcortex.instrset/win/bin/../lib/gcc/arm-none-eabi/13.2.1/thumb/v7e-m+fp/hard/crtbegin.o
 .bss.mw_adc1   0x20000104       0x1c stm_adc_ll.o
                0x20000104                mw_adc1
 .bss.xcpCustomTriggerFunction
                0x20000120        0x8 xcp_ext_mode.o
 .bss.IsrOverrun
                0x20000128        0x4 ert_main.o
                0x20000128                IsrOverrun
 .bss.OverrunFlag
                0x2000012c        0x1 ert_main.o
 .bss.stopRequested
                0x2000012d        0x1 ert_main.o
                0x2000012d                stopRequested
 .bss.runModel  0x2000012e        0x1 ert_main.o
                0x2000012e                runModel
 *fill*         0x2000012f        0x1 
 .bss.potenlab_B
                0x20000130        0x2 potenlab.o
                0x20000130                potenlab_B
 *fill*         0x20000132        0x2 
 .bss.potenlab_DW
                0x20000134       0x10 potenlab.o
                0x20000134                potenlab_DW
 *fill*         0x20000144        0x4 
 .bss.potenlab_M_
                0x20000148       0x48 potenlab.o
 .bss.rt_ExtModeInfo.2
                0x20000190       0x14 potenlab.o
 .bss.systemRan.1
                0x200001a4        0x8 potenlab.o
 .bss.xcpModelStartRequest
                0x200001ac        0x1 xcp_ext_common.o
                0x200001ac                xcpModelStartRequest
 .bss.xcpModelStopRequest
                0x200001ad        0x1 xcp_ext_common.o
                0x200001ad                xcpModelStopRequest
 .bss.xcpModelStatus
                0x200001ae        0x1 xcp_ext_common.o
                0x200001ae                xcpModelStatus
 *fill*         0x200001af        0x1 
 .bss.xcpModelChecksum0
                0x200001b0        0x4 xcp_ext_common.o
                0x200001b0                xcpModelChecksum0
 .bss.xcpModelChecksum1
                0x200001b4        0x4 xcp_ext_common.o
                0x200001b4                xcpModelChecksum1
 .bss.xcpModelChecksum2
                0x200001b8        0x4 xcp_ext_common.o
                0x200001b8                xcpModelChecksum2
 .bss.xcpModelChecksum3
                0x200001bc        0x4 xcp_ext_common.o
                0x200001bc                xcpModelChecksum3
 .bss.xcpModelIntegerCode
                0x200001c0        0x4 xcp_ext_common.o
                0x200001c0                xcpModelIntegerCode
 .bss.xcpExtmodeSimulationComplete
                0x200001c4        0x1 xcp_ext_common.o
                0x200001c4                xcpExtmodeSimulationComplete
 *fill*         0x200001c5        0x3 
 .bss.xcpDummyDoubleVariable
                0x200001c8        0x8 xcp_ext_common.o
                0x200001c8                xcpDummyDoubleVariable
 .bss.xcpDummyUint64Variable
                0x200001d0        0x8 xcp_ext_common.o
                0x200001d0                xcpDummyUint64Variable
 .bss.xcpCurrentSimulationTimeInMs
                0x200001d8        0x8 xcp_ext_common.o
                0x200001d8                xcpCurrentSimulationTimeInMs
 .bss.xcpBaseRateSimulationTime
                0x200001e0        0x8 xcp_ext_common.o
 .bss.xcpClassicTriggerEventId
                0x200001e8        0x2 xcp_ext_classic_trigger.o
                0x200001e8                xcpClassicTriggerEventId
 *fill*         0x200001ea        0x2 
 .bss.xcpClassicTriggerSignalAddress
                0x200001ec        0x4 xcp_ext_classic_trigger.o
                0x200001ec                xcpClassicTriggerSignalAddress
 .bss.xcpClassicTriggerSignalAddressExtension
                0x200001f0        0x1 xcp_ext_classic_trigger.o
                0x200001f0                xcpClassicTriggerSignalAddressExtension
 *fill*         0x200001f1        0x7 
 .bss.xcpClassicTriggerLevel
                0x200001f8        0x8 xcp_ext_classic_trigger.o
                0x200001f8                xcpClassicTriggerLevel
 .bss.xcpClassicTriggerHoldOff
                0x20000200        0x4 xcp_ext_classic_trigger.o
                0x20000200                xcpClassicTriggerHoldOff
 .bss.xcpClassicTriggerDelay
                0x20000204        0x4 xcp_ext_classic_trigger.o
                0x20000204                xcpClassicTriggerDelay
 .bss.xcpClassicTriggerDirection
                0x20000208        0x1 xcp_ext_classic_trigger.o
                0x20000208                xcpClassicTriggerDirection
 .bss.xcpClassicTriggerCancelRequest
                0x20000209        0x1 xcp_ext_classic_trigger.o
                0x20000209                xcpClassicTriggerCancelRequest
 .bss.xcpClassicTriggerSource
                0x2000020a        0x1 xcp_ext_classic_trigger.o
                0x2000020a                xcpClassicTriggerSource
 .bss.xcpClassicTriggerMode
                0x2000020b        0x1 xcp_ext_classic_trigger.o
                0x2000020b                xcpClassicTriggerMode
 .bss.xcpClassicTriggerStatus
                0x2000020c        0x1 xcp_ext_classic_trigger.o
                0x2000020c                xcpClassicTriggerStatus
 *fill*         0x2000020d        0x3 
 .bss.xcpOldSignalValue
                0x20000210        0x8 xcp_ext_classic_trigger.o
 .bss.xcpOldSignalValueAvailable
                0x20000218        0x1 xcp_ext_classic_trigger.o
 .bss.xcpOldClassicTriggerSource
                0x20000219        0x1 xcp_ext_classic_trigger.o
 .bss.xcpTriggerEnabled
                0x2000021a        0x1 xcp_ext_classic_trigger.o
 .bss.xcpSignalTriggerFired
                0x2000021b        0x1 xcp_ext_classic_trigger.o
 .bss.xcpTriggerCount
                0x2000021c        0x4 xcp_ext_classic_trigger.o
 .bss.xcpForcedTriggerEnabled
                0x20000220        0x1 xcp_ext_classic_trigger.o
 .bss.xcpForceTriggerEnableRequest
                0x20000221        0x1 xcp_ext_classic_trigger.o
 .bss.initialized
                0x20000222        0x1 xcp.o
 .bss.xcpStatus
                0x20000223        0x1 xcp.o
 .bss.xcpSessionStatus
                0x20000224        0x1 xcp.o
 .bss.xcpResourceProtectionStatus
                0x20000225        0x1 xcp.o
 .bss.xcpSessionConfigurationId
                0x20000226        0x2 xcp.o
 .bss.groupPacketLookup
                0x20000228       0x10 xcp.o
 .bss.xcpMta    0x20000238        0x8 xcp_standard.o
 .bss.xcpUploadSize
                0x20000240        0x1 xcp_standard.o
 *fill*         0x20000241        0x3 
 .bss.packetLookup
                0x20000244        0x4 xcp_standard.o
 .bss.xcpDynamicDaqLists
                0x20000248        0x8 xcp_daq.o
 .bss.xcpRunningEventCounter
                0x20000250        0x4 xcp_daq.o
 .bss.daqLock   0x20000254        0x4 xcp_daq.o
 .bss.packetLookup
                0x20000258        0x4 xcp_daq.o
 .bss.packetLookup
                0x2000025c        0x4 xcp_calibration.o
 .bss.txFifo    0x20000260       0x10 xcp_transport.o
 .bss.txLock    0x20000270        0x4 xcp_transport.o
 .bss.rxFifo    0x20000274        0x8 xcp_transport.o
 .bss.rxLock    0x2000027c        0x4 xcp_transport.o
 .bss.initialized
                0x20000280        0x1 xcp_transport.o
 *fill*         0x20000281        0x3 
 .bss.xcpMemPoolDescriptors
                0x20000284       0xc0 xcp_mem_default.o
 .bss.xcpMemCustomPoolDescriptors
                0x20000344        0x8 xcp_mem_default.o
 .bss.xcpMemMainChunk
                0x2000034c      0x3a7 xcp_mem_default.o
 *fill*         0x200006f3        0x1 
 .bss.xcpMemReservedPoolsChunk
                0x200006f4      0x3cd xcp_mem_default.o
 *fill*         0x20000ac1        0x3 
 .bss.xcpMemReservedPoolsChunkUsedBytes
                0x20000ac4        0x4 xcp_mem_default.o
 .bss.xcpMemLock
                0x20000ac8        0x4 xcp_mem_default.o
 .bss.forceBlocking
                0x20000acc        0x1 xcp_drv_rtiostream.o
 *fill*         0x20000acd        0x1 
 .bss.txCounter
                0x20000ace        0x2 xcp_frame_serial.o
 .bss.rxCounter
                0x20000ad0        0x2 xcp_frame_serial.o
 *fill*         0x20000ad2        0x2 
 .bss.firstRxCounterReceived
                0x20000ad4        0x4 xcp_frame_serial.o
 .bss.initialized
                0x20000ad8        0x1 xcp_frame_serial.o
 *fill*         0x20000ad9        0x3 
 .bss.timestampInitialized
                0x20000adc        0x4 platform_timer.o
 .bss.timestampStartTime
                0x20000ae0        0x4 platform_timer.o
 .bss.schdl_counter
                0x20000ae4        0x4 SysTickScheduler.o
                0x20000ae4                schdl_counter
 .bss.schdl_counter_max
                0x20000ae8        0x4 SysTickScheduler.o
                0x20000ae8                schdl_counter_max
 .bss.taskToSchedule
                0x20000aec        0x4 m3m4m4f_multitasking.o
                0x20000aec                taskToSchedule
 .bss.mw_ext_h  0x20000af0        0x4 rtiostream_serial.o
                0x20000af0                mw_ext_h
 .bss.UARTRxBuffer
                0x20000af4        0x4 rtiostream_serial.o
                0x20000af4                UARTRxBuffer
 .bss.mw_lpuart1
                0x20000af8       0x40 stm_lpuart.o
                0x20000af8                mw_lpuart1
 .bss.LPUART1ReceiveBuffer
                0x20000b38      0x400 stm_lpuart.o
                0x20000b38                LPUART1ReceiveBuffer
 .bss.htim2     0x20000f38       0x4c stm32g4xx_hal_timebase_tim.o
                0x20000f38                htim2
 .bss.uwTick    0x20000f84        0x4 stm32g4xx_hal.o
                0x20000f84                uwTick
 .bss.__sf      0x20000f88      0x138 C:/ProgramData/MATLAB/SupportPackages/R2024b/3P.instrset/gnuarm-armcortex.instrset/win/bin/../lib/gcc/arm-none-eabi/13.2.1/thumb/v7e-m+fp/hard\libg_nano.a(libc_a-findfp.o)
                0x20000f88                __sf
 *(COMMON)
                0x200010c0                        . = ALIGN (0x4)
                0x200010c0                        _ebss = .
                0x200010c0                        __bss_end__ = _ebss

._user_heap_stack
                0x200010c0      0x600 load address 0x0800f0e4
                0x200010c0                        . = ALIGN (0x8)
                [!provide]                        PROVIDE (end = .)
                0x200010c0                        PROVIDE (_end = .)
                0x200012c0                        . = (. + _Min_Heap_Size)
 *fill*         0x200010c0      0x200 
                0x200016c0                        . = (. + _Min_Stack_Size)
 *fill*         0x200012c0      0x400 
                0x200016c0                        . = ALIGN (0x8)

/DISCARD/
 libc.a(*)
 libm.a(*)
 libgcc.a(*)

.ARM.attributes
                0x00000000       0x30
 *(.ARM.attributes)
 .ARM.attributes
                0x00000000       0x22 C:/ProgramData/MATLAB/SupportPackages/R2024b/3P.instrset/gnuarm-armcortex.instrset/win/bin/../lib/gcc/arm-none-eabi/13.2.1/thumb/v7e-m+fp/hard/crti.o
 .ARM.attributes
                0x00000022       0x34 C:/ProgramData/MATLAB/SupportPackages/R2024b/3P.instrset/gnuarm-armcortex.instrset/win/bin/../lib/gcc/arm-none-eabi/13.2.1/thumb/v7e-m+fp/hard/crtbegin.o
 .ARM.attributes
                0x00000056       0x34 stm_adc_ll.o
 .ARM.attributes
                0x0000008a       0x34 xcp_ext_mode.o
 .ARM.attributes
                0x000000be       0x34 ert_main.o
 .ARM.attributes
                0x000000f2       0x34 potenlab.o
 .ARM.attributes
                0x00000126       0x34 xcp_ext_common.o
 .ARM.attributes
                0x0000015a       0x34 xcp_ext_classic_trigger.o
 .ARM.attributes
                0x0000018e       0x34 xcp.o
 .ARM.attributes
                0x000001c2       0x34 xcp_standard.o
 .ARM.attributes
                0x000001f6       0x34 xcp_daq.o
 .ARM.attributes
                0x0000022a       0x34 xcp_calibration.o
 .ARM.attributes
                0x0000025e       0x34 xcp_fifo.o
 .ARM.attributes
                0x00000292       0x34 xcp_transport.o
 .ARM.attributes
                0x000002c6       0x34 xcp_mem_default.o
 .ARM.attributes
                0x000002fa       0x34 xcp_drv_rtiostream.o
 .ARM.attributes
                0x0000032e       0x34 xcp_utils.o
 .ARM.attributes
                0x00000362       0x34 xcp_frame_serial.o
 .ARM.attributes
                0x00000396       0x34 xcp_ext_param_default_serial.o
 .ARM.attributes
                0x000003ca       0x34 overrideHALDelay.o
 .ARM.attributes
                0x000003fe       0x34 platform_timer.o
 .ARM.attributes
                0x00000432       0x34 SysTickScheduler.o
 .ARM.attributes
                0x00000466       0x34 m3m4m4f_multitasking.o
 .ARM.attributes
                0x0000049a       0x34 rtiostream_serial.o
 .ARM.attributes
                0x000004ce       0x34 stm_usart.o
 .ARM.attributes
                0x00000502       0x34 stm_lpuart.o
 .ARM.attributes
                0x00000536       0x34 sys_arch.o
 .ARM.attributes
                0x0000056a       0x34 main.o
 .ARM.attributes
                0x0000059e       0x34 stm32g4xx_it.o
 .ARM.attributes
                0x000005d2       0x34 stm32g4xx_hal_msp.o
 .ARM.attributes
                0x00000606       0x34 stm32g4xx_hal_timebase_tim.o
 .ARM.attributes
                0x0000063a       0x34 stm32g4xx_ll_utils.o
 .ARM.attributes
                0x0000066e       0x34 stm32g4xx_ll_exti.o
 .ARM.attributes
                0x000006a2       0x34 stm32g4xx_ll_gpio.o
 .ARM.attributes
                0x000006d6       0x34 stm32g4xx_ll_adc.o
 .ARM.attributes
                0x0000070a       0x34 stm32g4xx_hal.o
 .ARM.attributes
                0x0000073e       0x34 stm32g4xx_hal_rcc.o
 .ARM.attributes
                0x00000772       0x34 stm32g4xx_hal_pwr_ex.o
 .ARM.attributes
                0x000007a6       0x34 stm32g4xx_hal_cortex.o
 .ARM.attributes
                0x000007da       0x34 stm32g4xx_ll_lpuart.o
 .ARM.attributes
                0x0000080e       0x34 stm32g4xx_ll_rcc.o
 .ARM.attributes
                0x00000842       0x34 stm32g4xx_hal_tim.o
 .ARM.attributes
                0x00000876       0x34 stm32g4xx_hal_tim_ex.o
 .ARM.attributes
                0x000008aa       0x34 system_stm32g4xx.o
 .ARM.attributes
                0x000008de       0x21 startup_stm32g474retx.o
 .ARM.attributes
                0x000008ff       0x34 C:/ProgramData/MATLAB/SupportPackages/R2024b/3P.instrset/gnuarm-armcortex.instrset/win/bin/../lib/gcc/arm-none-eabi/13.2.1/thumb/v7e-m+fp/hard\libm.a(libm_a-w_fmod.o)
 .ARM.attributes
                0x00000933       0x34 C:/ProgramData/MATLAB/SupportPackages/R2024b/3P.instrset/gnuarm-armcortex.instrset/win/bin/../lib/gcc/arm-none-eabi/13.2.1/thumb/v7e-m+fp/hard\libm.a(libm_a-e_fmod.o)
 .ARM.attributes
                0x00000967       0x22 C:/ProgramData/MATLAB/SupportPackages/R2024b/3P.instrset/gnuarm-armcortex.instrset/win/bin/../lib/gcc/arm-none-eabi/13.2.1/thumb/v7e-m+fp/hard\libgcc.a(_arm_addsubdf3.o)
 .ARM.attributes
                0x00000989       0x22 C:/ProgramData/MATLAB/SupportPackages/R2024b/3P.instrset/gnuarm-armcortex.instrset/win/bin/../lib/gcc/arm-none-eabi/13.2.1/thumb/v7e-m+fp/hard\libgcc.a(_arm_muldivdf3.o)
 .ARM.attributes
                0x000009ab       0x22 C:/ProgramData/MATLAB/SupportPackages/R2024b/3P.instrset/gnuarm-armcortex.instrset/win/bin/../lib/gcc/arm-none-eabi/13.2.1/thumb/v7e-m+fp/hard\libgcc.a(_arm_cmpdf2.o)
 .ARM.attributes
                0x000009cd       0x22 C:/ProgramData/MATLAB/SupportPackages/R2024b/3P.instrset/gnuarm-armcortex.instrset/win/bin/../lib/gcc/arm-none-eabi/13.2.1/thumb/v7e-m+fp/hard\libgcc.a(_arm_unorddf2.o)
 .ARM.attributes
                0x000009ef       0x22 C:/ProgramData/MATLAB/SupportPackages/R2024b/3P.instrset/gnuarm-armcortex.instrset/win/bin/../lib/gcc/arm-none-eabi/13.2.1/thumb/v7e-m+fp/hard\libgcc.a(_arm_fixunsdfsi.o)
 .ARM.attributes
                0x00000a11       0x22 C:/ProgramData/MATLAB/SupportPackages/R2024b/3P.instrset/gnuarm-armcortex.instrset/win/bin/../lib/gcc/arm-none-eabi/13.2.1/thumb/v7e-m+fp/hard\libgcc.a(_aeabi_uldivmod.o)
 .ARM.attributes
                0x00000a33       0x34 C:/ProgramData/MATLAB/SupportPackages/R2024b/3P.instrset/gnuarm-armcortex.instrset/win/bin/../lib/gcc/arm-none-eabi/13.2.1/thumb/v7e-m+fp/hard\libgcc.a(_udivmoddi4.o)
 .ARM.attributes
                0x00000a67       0x22 C:/ProgramData/MATLAB/SupportPackages/R2024b/3P.instrset/gnuarm-armcortex.instrset/win/bin/../lib/gcc/arm-none-eabi/13.2.1/thumb/v7e-m+fp/hard\libgcc.a(_dvmd_tls.o)
 .ARM.attributes
                0x00000a89       0x34 C:/ProgramData/MATLAB/SupportPackages/R2024b/3P.instrset/gnuarm-armcortex.instrset/win/bin/../lib/gcc/arm-none-eabi/13.2.1/thumb/v7e-m+fp/hard\libg_nano.a(libc_a-findfp.o)
 .ARM.attributes
                0x00000abd       0x34 C:/ProgramData/MATLAB/SupportPackages/R2024b/3P.instrset/gnuarm-armcortex.instrset/win/bin/../lib/gcc/arm-none-eabi/13.2.1/thumb/v7e-m+fp/hard\libg_nano.a(libc_a-memset.o)
 .ARM.attributes